13:31:31 **** Build of project UGV_DRIVE_bsp ****
make -k all 
"Running Make include in ps7_cortexa9_0/libsrc/coresightps_dcc_v1_4/src"
make -C ps7_cortexa9_0/libsrc/coresightps_dcc_v1_4/src -s include  "SHELL=CMD" "COMPILER=arm-none-eabi-gcc" "ARCHIVER=arm-none-eabi-ar" "COMPILER_FLAGS=  -O2 -c" "EXTRA_COMPILER_FLAGS=-mcpu=cortex-a9 -mfpu=vfpv3 -mfloat-abi=hard -nostartfiles -Wall -Wextra"
"Running Make include in ps7_cortexa9_0/libsrc/cpu_cortexa9_v2_5/src"
make -C ps7_cortexa9_0/libsrc/cpu_cortexa9_v2_5/src -s include  "SHELL=CMD" "COMPILER=arm-none-eabi-gcc" "ARCHIVER=arm-none-eabi-ar" "COMPILER_FLAGS=  -O2 -c" "EXTRA_COMPILER_FLAGS=-mcpu=cortex-a9 -mfpu=vfpv3 -mfloat-abi=hard -nostartfiles -Wall -Wextra"
"Running Make include in ps7_cortexa9_0/libsrc/ddrps_v1_0/src"
make -C ps7_cortexa9_0/libsrc/ddrps_v1_0/src -s include  "SHELL=CMD" "COMPILER=arm-none-eabi-gcc" "ARCHIVER=arm-none-eabi-ar" "COMPILER_FLAGS=  -O2 -c" "EXTRA_COMPILER_FLAGS=-mcpu=cortex-a9 -mfpu=vfpv3 -mfloat-abi=hard -nostartfiles -Wall -Wextra"
"Running Make include in ps7_cortexa9_0/libsrc/devcfg_v3_5/src"
make -C ps7_cortexa9_0/libsrc/devcfg_v3_5/src -s include  "SHELL=CMD" "COMPILER=arm-none-eabi-gcc" "ARCHIVER=arm-none-eabi-ar" "COMPILER_FLAGS=  -O2 -c" "EXTRA_COMPILER_FLAGS=-mcpu=cortex-a9 -mfpu=vfpv3 -mfloat-abi=hard -nostartfiles -Wall -Wextra"
"Running Make include in ps7_cortexa9_0/libsrc/dmaps_v2_3/src"
make -C ps7_cortexa9_0/libsrc/dmaps_v2_3/src -s include  "SHELL=CMD" "COMPILER=arm-none-eabi-gcc" "ARCHIVER=arm-none-eabi-ar" "COMPILER_FLAGS=  -O2 -c" "EXTRA_COMPILER_FLAGS=-mcpu=cortex-a9 -mfpu=vfpv3 -mfloat-abi=hard -nostartfiles -Wall -Wextra"
"Running Make include in ps7_cortexa9_0/libsrc/emacps_v3_6/src"
make -C ps7_cortexa9_0/libsrc/emacps_v3_6/src -s include  "SHELL=CMD" "COMPILER=arm-none-eabi-gcc" "ARCHIVER=arm-none-eabi-ar" "COMPILER_FLAGS=  -O2 -c" "EXTRA_COMPILER_FLAGS=-mcpu=cortex-a9 -mfpu=vfpv3 -mfloat-abi=hard -nostartfiles -Wall -Wextra"
"Running Make include in ps7_cortexa9_0/libsrc/gpio_v4_3/src"
make -C ps7_cortexa9_0/libsrc/gpio_v4_3/src -s include  "SHELL=CMD" "COMPILER=arm-none-eabi-gcc" "ARCHIVER=arm-none-eabi-ar" "COMPILER_FLAGS=  -O2 -c" "EXTRA_COMPILER_FLAGS=-mcpu=cortex-a9 -mfpu=vfpv3 -mfloat-abi=hard -nostartfiles -Wall -Wextra"
"Running Make include in ps7_cortexa9_0/libsrc/gpiops_v3_3/src"
make -C ps7_cortexa9_0/libsrc/gpiops_v3_3/src -s include  "SHELL=CMD" "COMPILER=arm-none-eabi-gcc" "ARCHIVER=arm-none-eabi-ar" "COMPILER_FLAGS=  -O2 -c" "EXTRA_COMPILER_FLAGS=-mcpu=cortex-a9 -mfpu=vfpv3 -mfloat-abi=hard -nostartfiles -Wall -Wextra"
"Running Make include in ps7_cortexa9_0/libsrc/MD03ADRIVER_v1_0/src"
make -C ps7_cortexa9_0/libsrc/MD03ADRIVER_v1_0/src -s include  "SHELL=CMD" "COMPILER=arm-none-eabi-gcc" "ARCHIVER=arm-none-eabi-ar" "COMPILER_FLAGS=  -O2 -c" "EXTRA_COMPILER_FLAGS=-mcpu=cortex-a9 -mfpu=vfpv3 -mfloat-abi=hard -nostartfiles -Wall -Wextra"
"Running Make include in ps7_cortexa9_0/libsrc/qspips_v3_4/src"
make -C ps7_cortexa9_0/libsrc/qspips_v3_4/src -s include  "SHELL=CMD" "COMPILER=arm-none-eabi-gcc" "ARCHIVER=arm-none-eabi-ar" "COMPILER_FLAGS=  -O2 -c" "EXTRA_COMPILER_FLAGS=-mcpu=cortex-a9 -mfpu=vfpv3 -mfloat-abi=hard -nostartfiles -Wall -Wextra"
"Running Make include in ps7_cortexa9_0/libsrc/scugic_v3_8/src"
make -C ps7_cortexa9_0/libsrc/scugic_v3_8/src -s include  "SHELL=CMD" "COMPILER=arm-none-eabi-gcc" "ARCHIVER=arm-none-eabi-ar" "COMPILER_FLAGS=  -O2 -c" "EXTRA_COMPILER_FLAGS=-mcpu=cortex-a9 -mfpu=vfpv3 -mfloat-abi=hard -nostartfiles -Wall -Wextra"
"Running Make include in ps7_cortexa9_0/libsrc/scutimer_v2_1/src"
make -C ps7_cortexa9_0/libsrc/scutimer_v2_1/src -s include  "SHELL=CMD" "COMPILER=arm-none-eabi-gcc" "ARCHIVER=arm-none-eabi-ar" "COMPILER_FLAGS=  -O2 -c" "EXTRA_COMPILER_FLAGS=-mcpu=cortex-a9 -mfpu=vfpv3 -mfloat-abi=hard -nostartfiles -Wall -Wextra"
"Running Make include in ps7_cortexa9_0/libsrc/scuwdt_v2_1/src"
make -C ps7_cortexa9_0/libsrc/scuwdt_v2_1/src -s include  "SHELL=CMD" "COMPILER=arm-none-eabi-gcc" "ARCHIVER=arm-none-eabi-ar" "COMPILER_FLAGS=  -O2 -c" "EXTRA_COMPILER_FLAGS=-mcpu=cortex-a9 -mfpu=vfpv3 -mfloat-abi=hard -nostartfiles -Wall -Wextra"
"Running Make include in ps7_cortexa9_0/libsrc/sdps_v3_3/src"
make -C ps7_cortexa9_0/libsrc/sdps_v3_3/src -s include  "SHELL=CMD" "COMPILER=arm-none-eabi-gcc" "ARCHIVER=arm-none-eabi-ar" "COMPILER_FLAGS=  -O2 -c" "EXTRA_COMPILER_FLAGS=-mcpu=cortex-a9 -mfpu=vfpv3 -mfloat-abi=hard -nostartfiles -Wall -Wextra"
"Running Make include in ps7_cortexa9_0/libsrc/standalone_v6_5/src"
make -C ps7_cortexa9_0/libsrc/standalone_v6_5/src -s include  "SHELL=CMD" "COMPILER=arm-none-eabi-gcc" "ARCHIVER=arm-none-eabi-ar" "COMPILER_FLAGS=  -O2 -c" "EXTRA_COMPILER_FLAGS=-mcpu=cortex-a9 -mfpu=vfpv3 -mfloat-abi=hard -nostartfiles -Wall -Wextra"
"Running Make include in ps7_cortexa9_0/libsrc/ttcps_v3_5/src"
make -C ps7_cortexa9_0/libsrc/ttcps_v3_5/src -s include  "SHELL=CMD" "COMPILER=arm-none-eabi-gcc" "ARCHIVER=arm-none-eabi-ar" "COMPILER_FLAGS=  -O2 -c" "EXTRA_COMPILER_FLAGS=-mcpu=cortex-a9 -mfpu=vfpv3 -mfloat-abi=hard -nostartfiles -Wall -Wextra"
"Running Make include in ps7_cortexa9_0/libsrc/uartlite_v3_2/src"
make -C ps7_cortexa9_0/libsrc/uartlite_v3_2/src -s include  "SHELL=CMD" "COMPILER=arm-none-eabi-gcc" "ARCHIVER=arm-none-eabi-ar" "COMPILER_FLAGS=  -O2 -c" "EXTRA_COMPILER_FLAGS=-mcpu=cortex-a9 -mfpu=vfpv3 -mfloat-abi=hard -nostartfiles -Wall -Wextra"
"Running Make include in ps7_cortexa9_0/libsrc/uartps_v3_5/src"
make -C ps7_cortexa9_0/libsrc/uartps_v3_5/src -s include  "SHELL=CMD" "COMPILER=arm-none-eabi-gcc" "ARCHIVER=arm-none-eabi-ar" "COMPILER_FLAGS=  -O2 -c" "EXTRA_COMPILER_FLAGS=-mcpu=cortex-a9 -mfpu=vfpv3 -mfloat-abi=hard -nostartfiles -Wall -Wextra"
"Running Make include in ps7_cortexa9_0/libsrc/usbps_v2_4/src"
make -C ps7_cortexa9_0/libsrc/usbps_v2_4/src -s include  "SHELL=CMD" "COMPILER=arm-none-eabi-gcc" "ARCHIVER=arm-none-eabi-ar" "COMPILER_FLAGS=  -O2 -c" "EXTRA_COMPILER_FLAGS=-mcpu=cortex-a9 -mfpu=vfpv3 -mfloat-abi=hard -nostartfiles -Wall -Wextra"
"Running Make include in ps7_cortexa9_0/libsrc/xadcps_v2_2/src"
make -C ps7_cortexa9_0/libsrc/xadcps_v2_2/src -s include  "SHELL=CMD" "COMPILER=arm-none-eabi-gcc" "ARCHIVER=arm-none-eabi-ar" "COMPILER_FLAGS=  -O2 -c" "EXTRA_COMPILER_FLAGS=-mcpu=cortex-a9 -mfpu=vfpv3 -mfloat-abi=hard -nostartfiles -Wall -Wextra"
"Running Make libs in ps7_cortexa9_0/libsrc/coresightps_dcc_v1_4/src"
make -C ps7_cortexa9_0/libsrc/coresightps_dcc_v1_4/src -s libs  "SHELL=CMD" "COMPILER=arm-none-eabi-gcc" "ARCHIVER=arm-none-eabi-ar" "COMPILER_FLAGS=  -O2 -c" "EXTRA_COMPILER_FLAGS=-mcpu=cortex-a9 -mfpu=vfpv3 -mfloat-abi=hard -nostartfiles -Wall -Wextra"
"Compiling coresightps_dcc"
arm-none-eabi-ar: creating ../../../lib/libxil.a
"Running Make libs in ps7_cortexa9_0/libsrc/cpu_cortexa9_v2_5/src"
make -C ps7_cortexa9_0/libsrc/cpu_cortexa9_v2_5/src -s libs  "SHELL=CMD" "COMPILER=arm-none-eabi-gcc" "ARCHIVER=arm-none-eabi-ar" "COMPILER_FLAGS=  -O2 -c" "EXTRA_COMPILER_FLAGS=-mcpu=cortex-a9 -mfpu=vfpv3 -mfloat-abi=hard -nostartfiles -Wall -Wextra"
"Compiling cpu_cortexa9"
"Running Make libs in ps7_cortexa9_0/libsrc/ddrps_v1_0/src"
make -C ps7_cortexa9_0/libsrc/ddrps_v1_0/src -s libs  "SHELL=CMD" "COMPILER=arm-none-eabi-gcc" "ARCHIVER=arm-none-eabi-ar" "COMPILER_FLAGS=  -O2 -c" "EXTRA_COMPILER_FLAGS=-mcpu=cortex-a9 -mfpu=vfpv3 -mfloat-abi=hard -nostartfiles -Wall -Wextra"
"Compiling ddrps"
"Running Make libs in ps7_cortexa9_0/libsrc/devcfg_v3_5/src"
make -C ps7_cortexa9_0/libsrc/devcfg_v3_5/src -s libs  "SHELL=CMD" "COMPILER=arm-none-eabi-gcc" "ARCHIVER=arm-none-eabi-ar" "COMPILER_FLAGS=  -O2 -c" "EXTRA_COMPILER_FLAGS=-mcpu=cortex-a9 -mfpu=vfpv3 -mfloat-abi=hard -nostartfiles -Wall -Wextra"
"Compiling devcfg"
"Running Make libs in ps7_cortexa9_0/libsrc/dmaps_v2_3/src"
make -C ps7_cortexa9_0/libsrc/dmaps_v2_3/src -s libs  "SHELL=CMD" "COMPILER=arm-none-eabi-gcc" "ARCHIVER=arm-none-eabi-ar" "COMPILER_FLAGS=  -O2 -c" "EXTRA_COMPILER_FLAGS=-mcpu=cortex-a9 -mfpu=vfpv3 -mfloat-abi=hard -nostartfiles -Wall -Wextra"
"Compiling dmaps"
"Running Make libs in ps7_cortexa9_0/libsrc/emacps_v3_6/src"
make -C ps7_cortexa9_0/libsrc/emacps_v3_6/src -s libs  "SHELL=CMD" "COMPILER=arm-none-eabi-gcc" "ARCHIVER=arm-none-eabi-ar" "COMPILER_FLAGS=  -O2 -c" "EXTRA_COMPILER_FLAGS=-mcpu=cortex-a9 -mfpu=vfpv3 -mfloat-abi=hard -nostartfiles -Wall -Wextra"
"Compiling emacps"
"Running Make libs in ps7_cortexa9_0/libsrc/gpio_v4_3/src"
make -C ps7_cortexa9_0/libsrc/gpio_v4_3/src -s libs  "SHELL=CMD" "COMPILER=arm-none-eabi-gcc" "ARCHIVER=arm-none-eabi-ar" "COMPILER_FLAGS=  -O2 -c" "EXTRA_COMPILER_FLAGS=-mcpu=cortex-a9 -mfpu=vfpv3 -mfloat-abi=hard -nostartfiles -Wall -Wextra"
"Compiling gpio"
"Running Make libs in ps7_cortexa9_0/libsrc/gpiops_v3_3/src"
make -C ps7_cortexa9_0/libsrc/gpiops_v3_3/src -s libs  "SHELL=CMD" "COMPILER=arm-none-eabi-gcc" "ARCHIVER=arm-none-eabi-ar" "COMPILER_FLAGS=  -O2 -c" "EXTRA_COMPILER_FLAGS=-mcpu=cortex-a9 -mfpu=vfpv3 -mfloat-abi=hard -nostartfiles -Wall -Wextra"
"Compiling gpiops"
"Running Make libs in ps7_cortexa9_0/libsrc/MD03ADRIVER_v1_0/src"
make -C ps7_cortexa9_0/libsrc/MD03ADRIVER_v1_0/src -s libs  "SHELL=CMD" "COMPILER=arm-none-eabi-gcc" "ARCHIVER=arm-none-eabi-ar" "COMPILER_FLAGS=  -O2 -c" "EXTRA_COMPILER_FLAGS=-mcpu=cortex-a9 -mfpu=vfpv3 -mfloat-abi=hard -nostartfiles -Wall -Wextra"
"Compiling MD03ADRIVER..."
MD03ADRIVER_selftest.c: In function 'MD03ADRIVER_Reg_SelfTest':
MD03ADRIVER_selftest.c:52:60: warning: comparison between signed and unsigned integer expressions [-Wsign-compare]
    if ( MD03ADRIVER_mReadReg (baseaddr, read_loop_index*4) != (read_loop_index+1)*READ_WRITE_MUL_FACTOR){
                                                            ^~
MD03ADRIVER_selftest.c:36:6: warning: unused variable 'Index' [-Wunused-variable]
  int Index;
      ^~~~~
"Running Make libs in ps7_cortexa9_0/libsrc/qspips_v3_4/src"
make -C ps7_cortexa9_0/libsrc/qspips_v3_4/src -s libs  "SHELL=CMD" "COMPILER=arm-none-eabi-gcc" "ARCHIVER=arm-none-eabi-ar" "COMPILER_FLAGS=  -O2 -c" "EXTRA_COMPILER_FLAGS=-mcpu=cortex-a9 -mfpu=vfpv3 -mfloat-abi=hard -nostartfiles -Wall -Wextra"
"Compiling qspips"
"Running Make libs in ps7_cortexa9_0/libsrc/scugic_v3_8/src"
make -C ps7_cortexa9_0/libsrc/scugic_v3_8/src -s libs  "SHELL=CMD" "COMPILER=arm-none-eabi-gcc" "ARCHIVER=arm-none-eabi-ar" "COMPILER_FLAGS=  -O2 -c" "EXTRA_COMPILER_FLAGS=-mcpu=cortex-a9 -mfpu=vfpv3 -mfloat-abi=hard -nostartfiles -Wall -Wextra"
"Compiling scugic"
"Running Make libs in ps7_cortexa9_0/libsrc/scutimer_v2_1/src"
make -C ps7_cortexa9_0/libsrc/scutimer_v2_1/src -s libs  "SHELL=CMD" "COMPILER=arm-none-eabi-gcc" "ARCHIVER=arm-none-eabi-ar" "COMPILER_FLAGS=  -O2 -c" "EXTRA_COMPILER_FLAGS=-mcpu=cortex-a9 -mfpu=vfpv3 -mfloat-abi=hard -nostartfiles -Wall -Wextra"
"Compiling scutimer"
"Running Make libs in ps7_cortexa9_0/libsrc/scuwdt_v2_1/src"
make -C ps7_cortexa9_0/libsrc/scuwdt_v2_1/src -s libs  "SHELL=CMD" "COMPILER=arm-none-eabi-gcc" "ARCHIVER=arm-none-eabi-ar" "COMPILER_FLAGS=  -O2 -c" "EXTRA_COMPILER_FLAGS=-mcpu=cortex-a9 -mfpu=vfpv3 -mfloat-abi=hard -nostartfiles -Wall -Wextra"
"Compiling scuwdt"
"Running Make libs in ps7_cortexa9_0/libsrc/sdps_v3_3/src"
make -C ps7_cortexa9_0/libsrc/sdps_v3_3/src -s libs  "SHELL=CMD" "COMPILER=arm-none-eabi-gcc" "ARCHIVER=arm-none-eabi-ar" "COMPILER_FLAGS=  -O2 -c" "EXTRA_COMPILER_FLAGS=-mcpu=cortex-a9 -mfpu=vfpv3 -mfloat-abi=hard -nostartfiles -Wall -Wextra"
"Compiling sdps"
"Running Make libs in ps7_cortexa9_0/libsrc/standalone_v6_5/src"
make -C ps7_cortexa9_0/libsrc/standalone_v6_5/src -s libs  "SHELL=CMD" "COMPILER=arm-none-eabi-gcc" "ARCHIVER=arm-none-eabi-ar" "COMPILER_FLAGS=  -O2 -c" "EXTRA_COMPILER_FLAGS=-mcpu=cortex-a9 -mfpu=vfpv3 -mfloat-abi=hard -nostartfiles -Wall -Wextra"
"Compiling standalone"
"Running Make libs in ps7_cortexa9_0/libsrc/ttcps_v3_5/src"
make -C ps7_cortexa9_0/libsrc/ttcps_v3_5/src -s libs  "SHELL=CMD" "COMPILER=arm-none-eabi-gcc" "ARCHIVER=arm-none-eabi-ar" "COMPILER_FLAGS=  -O2 -c" "EXTRA_COMPILER_FLAGS=-mcpu=cortex-a9 -mfpu=vfpv3 -mfloat-abi=hard -nostartfiles -Wall -Wextra"
"Compiling ttcps"
"Running Make libs in ps7_cortexa9_0/libsrc/uartlite_v3_2/src"
make -C ps7_cortexa9_0/libsrc/uartlite_v3_2/src -s libs  "SHELL=CMD" "COMPILER=arm-none-eabi-gcc" "ARCHIVER=arm-none-eabi-ar" "COMPILER_FLAGS=  -O2 -c" "EXTRA_COMPILER_FLAGS=-mcpu=cortex-a9 -mfpu=vfpv3 -mfloat-abi=hard -nostartfiles -Wall -Wextra"
"Compiling uartlite"
"Running Make libs in ps7_cortexa9_0/libsrc/uartps_v3_5/src"
make -C ps7_cortexa9_0/libsrc/uartps_v3_5/src -s libs  "SHELL=CMD" "COMPILER=arm-none-eabi-gcc" "ARCHIVER=arm-none-eabi-ar" "COMPILER_FLAGS=  -O2 -c" "EXTRA_COMPILER_FLAGS=-mcpu=cortex-a9 -mfpu=vfpv3 -mfloat-abi=hard -nostartfiles -Wall -Wextra"
"Compiling uartps"
"Running Make libs in ps7_cortexa9_0/libsrc/usbps_v2_4/src"
make -C ps7_cortexa9_0/libsrc/usbps_v2_4/src -s libs  "SHELL=CMD" "COMPILER=arm-none-eabi-gcc" "ARCHIVER=arm-none-eabi-ar" "COMPILER_FLAGS=  -O2 -c" "EXTRA_COMPILER_FLAGS=-mcpu=cortex-a9 -mfpu=vfpv3 -mfloat-abi=hard -nostartfiles -Wall -Wextra"
"Compiling usbps"
"Running Make libs in ps7_cortexa9_0/libsrc/xadcps_v2_2/src"
make -C ps7_cortexa9_0/libsrc/xadcps_v2_2/src -s libs  "SHELL=CMD" "COMPILER=arm-none-eabi-gcc" "ARCHIVER=arm-none-eabi-ar" "COMPILER_FLAGS=  -O2 -c" "EXTRA_COMPILER_FLAGS=-mcpu=cortex-a9 -mfpu=vfpv3 -mfloat-abi=hard -nostartfiles -Wall -Wextra"
"Compiling xadcps"
'Finished building libraries'
13:31:58 **** Build of configuration Debug for project UGV_DRIVE ****
make pre-build main-build 
a9-linaro-pre-build-step
' '
'Building file: ../src/helloworld.c'
'Invoking: ARM v7 gcc compiler'
arm-none-eabi-gcc -Wall -O0 -g3 -c -fmessage-length=0 -MT"src/helloworld.o" -mcpu=cortex-a9 -mfpu=vfpv3 -mfloat-abi=hard -I../../UGV_DRIVE_bsp/ps7_cortexa9_0/include -MMD -MP -MF"src/helloworld.d" -MT"src/helloworld.o" -o "src/helloworld.o" "../src/helloworld.c"
'Finished building: ../src/helloworld.c'
' '
'Building file: ../src/platform.c'
'Invoking: ARM v7 gcc compiler'
arm-none-eabi-gcc -Wall -O0 -g3 -c -fmessage-length=0 -MT"src/platform.o" -mcpu=cortex-a9 -mfpu=vfpv3 -mfloat-abi=hard -I../../UGV_DRIVE_bsp/ps7_cortexa9_0/include -MMD -MP -MF"src/platform.d" -MT"src/platform.o" -o "src/platform.o" "../src/platform.c"
'Finished building: ../src/platform.c'
' '
'Building target: UGV_DRIVE.elf'
'Invoking: ARM v7 gcc linker'
arm-none-eabi-gcc -mcpu=cortex-a9 -mfpu=vfpv3 -mfloat-abi=hard -Wl,-build-id=none -specs=Xilinx.spec -Wl,-T -Wl,../src/lscript.ld -L../../UGV_DRIVE_bsp/ps7_cortexa9_0/lib -o "UGV_DRIVE.elf"  ./src/helloworld.o ./src/platform.o   -Wl,--start-group,-lxil,-lgcc,-lc,--end-group
'Finished building target: UGV_DRIVE.elf'
' '
'Invoking: ARM v7 Print Size'
arm-none-eabi-size UGV_DRIVE.elf  |tee "UGV_DRIVE.elf.size"
   text	   data	    bss	    dec	    hex	filename
  19384	   1148	  22568	  43100	   a85c	UGV_DRIVE.elf
'Finished building: UGV_DRIVE.elf.size'
' '
13:32:11 **** Auto Build of configuration Debug for project UGV_DRIVE ****
make pre-build main-build 
a9-linaro-pre-build-step
' '
'Building file: ../src/helloworld.c'
'Invoking: ARM v7 gcc compiler'
arm-none-eabi-gcc -Wall -O0 -g3 -c -fmessage-length=0 -MT"src/helloworld.o" -mcpu=cortex-a9 -mfpu=vfpv3 -mfloat-abi=hard -I../../UGV_DRIVE_bsp/ps7_cortexa9_0/include -MMD -MP -MF"src/helloworld.d" -MT"src/helloworld.o" -o "src/helloworld.o" "../src/helloworld.c"
../src/helloworld.c: In function 'UartLiteRecvHandler':
../src/helloworld.c:359:5: warning: unused variable 'RecvChar' [-Wunused-variable]
  u8 RecvChar;
     ^~~~~~~~
../src/helloworld.c: In function 'Handler':
../src/helloworld.c:738:8: warning: assignment makes pointer from integer without a cast [-Wint-conversion]
      cs= get_checksum(message);
        ^
../src/helloworld.c:734:8: warning: variable 'checker' set but not used [-Wunused-but-set-variable]
     u8 checker[4];
        ^~~~~~~
../src/helloworld.c: In function 'get_checksum':
../src/helloworld.c:996:9: warning: passing argument 1 of 'strcpy' makes pointer from integer without a cast [-Wint-conversion]
  strcpy(digit,new);
         ^~~~~
In file included from c:\xilinx\sdk\2017.4\gnu\aarch32\nt\gcc-arm-none-eabi\arm-none-eabi\libc\usr\include\ctype.h:4:0,
                 from ../../UGV_DRIVE_bsp/ps7_cortexa9_0/include/xil_printf.h:8,
                 from ../../UGV_DRIVE_bsp/ps7_cortexa9_0/include/xil_io.h:65,
                 from ../../UGV_DRIVE_bsp/ps7_cortexa9_0/include/xuartps_hw.h:73,
                 from ../../UGV_DRIVE_bsp/ps7_cortexa9_0/include/xuartps.h:188,
                 from ../src/helloworld.c:15:
c:\xilinx\sdk\2017.4\gnu\aarch32\nt\gcc-arm-none-eabi\arm-none-eabi\libc\usr\include\string.h:30:8: note: expected 'char * restrict' but argument is of type 'char'
 char  *_EXFUN(strcpy,(char *__restrict, const char *__restrict));
        ^
At top level:
../src/helloworld.c:522:13: warning: 'UartLiteDisableIntrSystem' defined but not used [-Wunused-function]
 static void UartLiteDisableIntrSystem(INTC *IntcInstancePtr,
             ^~~~~~~~~~~~~~~~~~~~~~~~~
'Finished building: ../src/helloworld.c'
' '
'Building target: UGV_DRIVE.elf'
'Invoking: ARM v7 gcc linker'
arm-none-eabi-gcc -mcpu=cortex-a9 -mfpu=vfpv3 -mfloat-abi=hard -Wl,-build-id=none -specs=Xilinx.spec -Wl,-T -Wl,../src/lscript.ld -L../../UGV_DRIVE_bsp/ps7_cortexa9_0/lib -o "UGV_DRIVE.elf"  ./src/helloworld.o ./src/platform.o   -Wl,--start-group,-lxil,-lgcc,-lc,--end-group
'Finished building target: UGV_DRIVE.elf'
' '
'Invoking: ARM v7 Print Size'
arm-none-eabi-size UGV_DRIVE.elf  |tee "UGV_DRIVE.elf.size"
   text	   data	    bss	    dec	    hex	filename
  36788	   2788	  23016	  62592	   f480	UGV_DRIVE.elf
'Finished building: UGV_DRIVE.elf.size'
' '
13:32:28 **** Auto Build of configuration Debug for project UGV_DRIVE ****
make pre-build main-build 
a9-linaro-pre-build-step
' '
'Building file: ../src/helloworld.c'
'Invoking: ARM v7 gcc compiler'
arm-none-eabi-gcc -Wall -O0 -g3 -c -fmessage-length=0 -MT"src/helloworld.o" -mcpu=cortex-a9 -mfpu=vfpv3 -mfloat-abi=hard -I../../UGV_DRIVE_bsp/ps7_cortexa9_0/include -MMD -MP -MF"src/helloworld.d" -MT"src/helloworld.o" -o "src/helloworld.o" "../src/helloworld.c"
../src/helloworld.c: In function 'Handler':
../src/helloworld.c:738:8: warning: assignment makes pointer from integer without a cast [-Wint-conversion]
      cs= get_checksum(message);
        ^
../src/helloworld.c:734:8: warning: variable 'checker' set but not used [-Wunused-but-set-variable]
     u8 checker[4];
        ^~~~~~~
../src/helloworld.c: In function 'get_checksum':
../src/helloworld.c:996:9: warning: passing argument 1 of 'strcpy' makes pointer from integer without a cast [-Wint-conversion]
  strcpy(digit,new);
         ^~~~~
In file included from c:\xilinx\sdk\2017.4\gnu\aarch32\nt\gcc-arm-none-eabi\arm-none-eabi\libc\usr\include\ctype.h:4:0,
                 from ../../UGV_DRIVE_bsp/ps7_cortexa9_0/include/xil_printf.h:8,
                 from ../../UGV_DRIVE_bsp/ps7_cortexa9_0/include/xil_io.h:65,
                 from ../../UGV_DRIVE_bsp/ps7_cortexa9_0/include/xuartps_hw.h:73,
                 from ../../UGV_DRIVE_bsp/ps7_cortexa9_0/include/xuartps.h:188,
                 from ../src/helloworld.c:15:
c:\xilinx\sdk\2017.4\gnu\aarch32\nt\gcc-arm-none-eabi\arm-none-eabi\libc\usr\include\string.h:30:8: note: expected 'char * restrict' but argument is of type 'char'
 char  *_EXFUN(strcpy,(char *__restrict, const char *__restrict));
        ^
At top level:
../src/helloworld.c:522:13: warning: 'UartLiteDisableIntrSystem' defined but not used [-Wunused-function]
 static void UartLiteDisableIntrSystem(INTC *IntcInstancePtr,
             ^~~~~~~~~~~~~~~~~~~~~~~~~
'Finished building: ../src/helloworld.c'
' '
'Building target: UGV_DRIVE.elf'
'Invoking: ARM v7 gcc linker'
arm-none-eabi-gcc -mcpu=cortex-a9 -mfpu=vfpv3 -mfloat-abi=hard -Wl,-build-id=none -specs=Xilinx.spec -Wl,-T -Wl,../src/lscript.ld -L../../UGV_DRIVE_bsp/ps7_cortexa9_0/lib -o "UGV_DRIVE.elf"  ./src/helloworld.o ./src/platform.o   -Wl,--start-group,-lxil,-lgcc,-lc,--end-group
'Finished building target: UGV_DRIVE.elf'
' '
'Invoking: ARM v7 Print Size'
arm-none-eabi-size UGV_DRIVE.elf  |tee "UGV_DRIVE.elf.size"
   text	   data	    bss	    dec	    hex	filename
  36788	   2788	  23016	  62592	   f480	UGV_DRIVE.elf
'Finished building: UGV_DRIVE.elf.size'
' '
13:32:57 **** Auto Build of configuration Debug for project UGV_DRIVE ****
make pre-build main-build 
a9-linaro-pre-build-step
' '
'Building file: ../src/helloworld.c'
'Invoking: ARM v7 gcc compiler'
arm-none-eabi-gcc -Wall -O0 -g3 -c -fmessage-length=0 -MT"src/helloworld.o" -mcpu=cortex-a9 -mfpu=vfpv3 -mfloat-abi=hard -I../../UGV_DRIVE_bsp/ps7_cortexa9_0/include -MMD -MP -MF"src/helloworld.d" -MT"src/helloworld.o" -o "src/helloworld.o" "../src/helloworld.c"
../src/helloworld.c: In function 'Handler':
../src/helloworld.c:738:8: warning: assignment makes pointer from integer without a cast [-Wint-conversion]
      cs= get_checksum(message);
        ^
../src/helloworld.c:734:8: warning: variable 'checker' set but not used [-Wunused-but-set-variable]
     u8 checker[4];
        ^~~~~~~
../src/helloworld.c: In function 'get_checksum':
../src/helloworld.c:996:9: warning: passing argument 1 of 'strcpy' makes pointer from integer without a cast [-Wint-conversion]
  strcpy(digit,new);
         ^~~~~
In file included from c:\xilinx\sdk\2017.4\gnu\aarch32\nt\gcc-arm-none-eabi\arm-none-eabi\libc\usr\include\ctype.h:4:0,
                 from ../../UGV_DRIVE_bsp/ps7_cortexa9_0/include/xil_printf.h:8,
                 from ../../UGV_DRIVE_bsp/ps7_cortexa9_0/include/xil_io.h:65,
                 from ../../UGV_DRIVE_bsp/ps7_cortexa9_0/include/xuartps_hw.h:73,
                 from ../../UGV_DRIVE_bsp/ps7_cortexa9_0/include/xuartps.h:188,
                 from ../src/helloworld.c:15:
c:\xilinx\sdk\2017.4\gnu\aarch32\nt\gcc-arm-none-eabi\arm-none-eabi\libc\usr\include\string.h:30:8: note: expected 'char * restrict' but argument is of type 'char'
 char  *_EXFUN(strcpy,(char *__restrict, const char *__restrict));
        ^
At top level:
../src/helloworld.c:522:13: warning: 'UartLiteDisableIntrSystem' defined but not used [-Wunused-function]
 static void UartLiteDisableIntrSystem(INTC *IntcInstancePtr,
             ^~~~~~~~~~~~~~~~~~~~~~~~~
'Finished building: ../src/helloworld.c'
' '
'Building target: UGV_DRIVE.elf'
'Invoking: ARM v7 gcc linker'
arm-none-eabi-gcc -mcpu=cortex-a9 -mfpu=vfpv3 -mfloat-abi=hard -Wl,-build-id=none -specs=Xilinx.spec -Wl,-T -Wl,../src/lscript.ld -L../../UGV_DRIVE_bsp/ps7_cortexa9_0/lib -o "UGV_DRIVE.elf"  ./src/helloworld.o ./src/platform.o   -Wl,--start-group,-lxil,-lgcc,-lc,--end-group
'Finished building target: UGV_DRIVE.elf'
' '
'Invoking: ARM v7 Print Size'
arm-none-eabi-size UGV_DRIVE.elf  |tee "UGV_DRIVE.elf.size"
   text	   data	    bss	    dec	    hex	filename
  36788	   2788	  23016	  62592	   f480	UGV_DRIVE.elf
'Finished building: UGV_DRIVE.elf.size'
' '
13:33:57 **** Auto Build of configuration Debug for project UGV_DRIVE ****
make pre-build main-build 
a9-linaro-pre-build-step
' '
'Building file: ../src/helloworld.c'
'Invoking: ARM v7 gcc compiler'
arm-none-eabi-gcc -Wall -O0 -g3 -c -fmessage-length=0 -MT"src/helloworld.o" -mcpu=cortex-a9 -mfpu=vfpv3 -mfloat-abi=hard -I../../UGV_DRIVE_bsp/ps7_cortexa9_0/include -MMD -MP -MF"src/helloworld.d" -MT"src/helloworld.o" -o "src/helloworld.o" "../src/helloworld.c"
../src/helloworld.c: In function 'Handler':
../src/helloworld.c:738:8: warning: assignment makes pointer from integer without a cast [-Wint-conversion]
      cs= get_checksum(message);
        ^
../src/helloworld.c:734:8: warning: variable 'checker' set but not used [-Wunused-but-set-variable]
     u8 checker[4];
        ^~~~~~~
../src/helloworld.c: In function 'get_checksum':
../src/helloworld.c:996:9: warning: passing argument 1 of 'strcpy' makes pointer from integer without a cast [-Wint-conversion]
  strcpy(digit,new);
         ^~~~~
In file included from c:\xilinx\sdk\2017.4\gnu\aarch32\nt\gcc-arm-none-eabi\arm-none-eabi\libc\usr\include\ctype.h:4:0,
                 from ../../UGV_DRIVE_bsp/ps7_cortexa9_0/include/xil_printf.h:8,
                 from ../../UGV_DRIVE_bsp/ps7_cortexa9_0/include/xil_io.h:65,
                 from ../../UGV_DRIVE_bsp/ps7_cortexa9_0/include/xuartps_hw.h:73,
                 from ../../UGV_DRIVE_bsp/ps7_cortexa9_0/include/xuartps.h:188,
                 from ../src/helloworld.c:15:
c:\xilinx\sdk\2017.4\gnu\aarch32\nt\gcc-arm-none-eabi\arm-none-eabi\libc\usr\include\string.h:30:8: note: expected 'char * restrict' but argument is of type 'char'
 char  *_EXFUN(strcpy,(char *__restrict, const char *__restrict));
        ^
At top level:
../src/helloworld.c:522:13: warning: 'UartLiteDisableIntrSystem' defined but not used [-Wunused-function]
 static void UartLiteDisableIntrSystem(INTC *IntcInstancePtr,
             ^~~~~~~~~~~~~~~~~~~~~~~~~
'Finished building: ../src/helloworld.c'
' '
'Building target: UGV_DRIVE.elf'
'Invoking: ARM v7 gcc linker'
arm-none-eabi-gcc -mcpu=cortex-a9 -mfpu=vfpv3 -mfloat-abi=hard -Wl,-build-id=none -specs=Xilinx.spec -Wl,-T -Wl,../src/lscript.ld -L../../UGV_DRIVE_bsp/ps7_cortexa9_0/lib -o "UGV_DRIVE.elf"  ./src/helloworld.o ./src/platform.o   -Wl,--start-group,-lxil,-lgcc,-lc,--end-group
'Finished building target: UGV_DRIVE.elf'
' '
'Invoking: ARM v7 Print Size'
arm-none-eabi-size UGV_DRIVE.elf  |tee "UGV_DRIVE.elf.size"
   text	   data	    bss	    dec	    hex	filename
  36604	   2788	  23016	  62408	   f3c8	UGV_DRIVE.elf
'Finished building: UGV_DRIVE.elf.size'
' '
13:34:57 **** Auto Build of configuration Debug for project UGV_DRIVE ****
make pre-build main-build 
a9-linaro-pre-build-step
' '
'Building file: ../src/helloworld.c'
'Invoking: ARM v7 gcc compiler'
arm-none-eabi-gcc -Wall -O0 -g3 -c -fmessage-length=0 -MT"src/helloworld.o" -mcpu=cortex-a9 -mfpu=vfpv3 -mfloat-abi=hard -I../../UGV_DRIVE_bsp/ps7_cortexa9_0/include -MMD -MP -MF"src/helloworld.d" -MT"src/helloworld.o" -o "src/helloworld.o" "../src/helloworld.c"
../src/helloworld.c: In function 'Handler':
../src/helloworld.c:744:8: warning: assignment makes pointer from integer without a cast [-Wint-conversion]
      cs= get_checksum(message);
        ^
../src/helloworld.c:740:8: warning: variable 'checker' set but not used [-Wunused-but-set-variable]
     u8 checker[4];
        ^~~~~~~
../src/helloworld.c: In function 'get_checksum':
../src/helloworld.c:1002:9: warning: passing argument 1 of 'strcpy' makes pointer from integer without a cast [-Wint-conversion]
  strcpy(digit,new);
         ^~~~~
In file included from c:\xilinx\sdk\2017.4\gnu\aarch32\nt\gcc-arm-none-eabi\arm-none-eabi\libc\usr\include\ctype.h:4:0,
                 from ../../UGV_DRIVE_bsp/ps7_cortexa9_0/include/xil_printf.h:8,
                 from ../../UGV_DRIVE_bsp/ps7_cortexa9_0/include/xil_io.h:65,
                 from ../../UGV_DRIVE_bsp/ps7_cortexa9_0/include/xuartps_hw.h:73,
                 from ../../UGV_DRIVE_bsp/ps7_cortexa9_0/include/xuartps.h:188,
                 from ../src/helloworld.c:15:
c:\xilinx\sdk\2017.4\gnu\aarch32\nt\gcc-arm-none-eabi\arm-none-eabi\libc\usr\include\string.h:30:8: note: expected 'char * restrict' but argument is of type 'char'
 char  *_EXFUN(strcpy,(char *__restrict, const char *__restrict));
        ^
At top level:
../src/helloworld.c:528:13: warning: 'UartLiteDisableIntrSystem' defined but not used [-Wunused-function]
 static void UartLiteDisableIntrSystem(INTC *IntcInstancePtr,
             ^~~~~~~~~~~~~~~~~~~~~~~~~
'Finished building: ../src/helloworld.c'
' '
'Building target: UGV_DRIVE.elf'
'Invoking: ARM v7 gcc linker'
arm-none-eabi-gcc -mcpu=cortex-a9 -mfpu=vfpv3 -mfloat-abi=hard -Wl,-build-id=none -specs=Xilinx.spec -Wl,-T -Wl,../src/lscript.ld -L../../UGV_DRIVE_bsp/ps7_cortexa9_0/lib -o "UGV_DRIVE.elf"  ./src/helloworld.o ./src/platform.o   -Wl,--start-group,-lxil,-lgcc,-lc,--end-group
'Finished building target: UGV_DRIVE.elf'
' '
'Invoking: ARM v7 Print Size'
arm-none-eabi-size UGV_DRIVE.elf  |tee "UGV_DRIVE.elf.size"
   text	   data	    bss	    dec	    hex	filename
  36660	   2788	  23016	  62464	   f400	UGV_DRIVE.elf
'Finished building: UGV_DRIVE.elf.size'
' '
13:35:09 **** Incremental Build of configuration Debug for project UGV_DRIVE ****
make pre-build main-build 
a9-linaro-pre-build-step
' '
make: Nothing to be done for `main-build'.
13:37:14 **** Auto Build of configuration Debug for project UGV_DRIVE ****
make pre-build main-build 
a9-linaro-pre-build-step
' '
'Building file: ../src/helloworld.c'
'Invoking: ARM v7 gcc compiler'
arm-none-eabi-gcc -Wall -O0 -g3 -c -fmessage-length=0 -MT"src/helloworld.o" -mcpu=cortex-a9 -mfpu=vfpv3 -mfloat-abi=hard -I../../UGV_DRIVE_bsp/ps7_cortexa9_0/include -MMD -MP -MF"src/helloworld.d" -MT"src/helloworld.o" -o "src/helloworld.o" "../src/helloworld.c"
../src/helloworld.c: In function 'Handler':
../src/helloworld.c:744:8: warning: assignment makes pointer from integer without a cast [-Wint-conversion]
      cs= get_checksum(message);
        ^
../src/helloworld.c:740:8: warning: variable 'checker' set but not used [-Wunused-but-set-variable]
     u8 checker[4];
        ^~~~~~~
../src/helloworld.c: In function 'get_checksum':
../src/helloworld.c:1002:9: warning: passing argument 1 of 'strcpy' makes pointer from integer without a cast [-Wint-conversion]
  strcpy(digit,new);
         ^~~~~
In file included from c:\xilinx\sdk\2017.4\gnu\aarch32\nt\gcc-arm-none-eabi\arm-none-eabi\libc\usr\include\ctype.h:4:0,
                 from ../../UGV_DRIVE_bsp/ps7_cortexa9_0/include/xil_printf.h:8,
                 from ../../UGV_DRIVE_bsp/ps7_cortexa9_0/include/xil_io.h:65,
                 from ../../UGV_DRIVE_bsp/ps7_cortexa9_0/include/xuartps_hw.h:73,
                 from ../../UGV_DRIVE_bsp/ps7_cortexa9_0/include/xuartps.h:188,
                 from ../src/helloworld.c:15:
c:\xilinx\sdk\2017.4\gnu\aarch32\nt\gcc-arm-none-eabi\arm-none-eabi\libc\usr\include\string.h:30:8: note: expected 'char * restrict' but argument is of type 'char'
 char  *_EXFUN(strcpy,(char *__restrict, const char *__restrict));
        ^
At top level:
../src/helloworld.c:528:13: warning: 'UartLiteDisableIntrSystem' defined but not used [-Wunused-function]
 static void UartLiteDisableIntrSystem(INTC *IntcInstancePtr,
             ^~~~~~~~~~~~~~~~~~~~~~~~~
'Finished building: ../src/helloworld.c'
' '
'Building target: UGV_DRIVE.elf'
'Invoking: ARM v7 gcc linker'
arm-none-eabi-gcc -mcpu=cortex-a9 -mfpu=vfpv3 -mfloat-abi=hard -Wl,-build-id=none -specs=Xilinx.spec -Wl,-T -Wl,../src/lscript.ld -L../../UGV_DRIVE_bsp/ps7_cortexa9_0/lib -o "UGV_DRIVE.elf"  ./src/helloworld.o ./src/platform.o   -Wl,--start-group,-lxil,-lgcc,-lc,--end-group
'Finished building target: UGV_DRIVE.elf'
' '
'Invoking: ARM v7 Print Size'
arm-none-eabi-size UGV_DRIVE.elf  |tee "UGV_DRIVE.elf.size"
   text	   data	    bss	    dec	    hex	filename
  36660	   2788	  23016	  62464	   f400	UGV_DRIVE.elf
'Finished building: UGV_DRIVE.elf.size'
' '
13:37:15 **** Incremental Build of configuration Debug for project UGV_DRIVE ****
make pre-build main-build 
a9-linaro-pre-build-step
' '
make: Nothing to be done for `main-build'.
13:37:27 **** Incremental Build of configuration Debug for project UGV_DRIVE ****
make pre-build main-build 
a9-linaro-pre-build-step
' '
make: Nothing to be done for `main-build'.
13:37:39 **** Incremental Build of configuration Debug for project UGV_DRIVE ****
make pre-build main-build 
a9-linaro-pre-build-step
' '
make: Nothing to be done for `main-build'.
13:38:58 **** Auto Build of configuration Debug for project UGV_DRIVE ****
make pre-build main-build 
a9-linaro-pre-build-step
' '
'Building file: ../src/helloworld.c'
'Invoking: ARM v7 gcc compiler'
arm-none-eabi-gcc -Wall -O0 -g3 -c -fmessage-length=0 -MT"src/helloworld.o" -mcpu=cortex-a9 -mfpu=vfpv3 -mfloat-abi=hard -I../../UGV_DRIVE_bsp/ps7_cortexa9_0/include -MMD -MP -MF"src/helloworld.d" -MT"src/helloworld.o" -o "src/helloworld.o" "../src/helloworld.c"
../src/helloworld.c: In function 'Handler':
../src/helloworld.c:746:8: warning: assignment makes pointer from integer without a cast [-Wint-conversion]
      cs= get_checksum(message);
        ^
../src/helloworld.c:742:8: warning: variable 'checker' set but not used [-Wunused-but-set-variable]
     u8 checker[4];
        ^~~~~~~
../src/helloworld.c: In function 'get_checksum':
../src/helloworld.c:1004:9: warning: passing argument 1 of 'strcpy' makes pointer from integer without a cast [-Wint-conversion]
  strcpy(digit,new);
         ^~~~~
In file included from c:\xilinx\sdk\2017.4\gnu\aarch32\nt\gcc-arm-none-eabi\arm-none-eabi\libc\usr\include\ctype.h:4:0,
                 from ../../UGV_DRIVE_bsp/ps7_cortexa9_0/include/xil_printf.h:8,
                 from ../../UGV_DRIVE_bsp/ps7_cortexa9_0/include/xil_io.h:65,
                 from ../../UGV_DRIVE_bsp/ps7_cortexa9_0/include/xuartps_hw.h:73,
                 from ../../UGV_DRIVE_bsp/ps7_cortexa9_0/include/xuartps.h:188,
                 from ../src/helloworld.c:15:
c:\xilinx\sdk\2017.4\gnu\aarch32\nt\gcc-arm-none-eabi\arm-none-eabi\libc\usr\include\string.h:30:8: note: expected 'char * restrict' but argument is of type 'char'
 char  *_EXFUN(strcpy,(char *__restrict, const char *__restrict));
        ^
At top level:
../src/helloworld.c:530:13: warning: 'UartLiteDisableIntrSystem' defined but not used [-Wunused-function]
 static void UartLiteDisableIntrSystem(INTC *IntcInstancePtr,
             ^~~~~~~~~~~~~~~~~~~~~~~~~
'Finished building: ../src/helloworld.c'
' '
'Building target: UGV_DRIVE.elf'
'Invoking: ARM v7 gcc linker'
arm-none-eabi-gcc -mcpu=cortex-a9 -mfpu=vfpv3 -mfloat-abi=hard -Wl,-build-id=none -specs=Xilinx.spec -Wl,-T -Wl,../src/lscript.ld -L../../UGV_DRIVE_bsp/ps7_cortexa9_0/lib -o "UGV_DRIVE.elf"  ./src/helloworld.o ./src/platform.o   -Wl,--start-group,-lxil,-lgcc,-lc,--end-group
'Finished building target: UGV_DRIVE.elf'
' '
'Invoking: ARM v7 Print Size'
arm-none-eabi-size UGV_DRIVE.elf  |tee "UGV_DRIVE.elf.size"
   text	   data	    bss	    dec	    hex	filename
  36684	   2788	  23016	  62488	   f418	UGV_DRIVE.elf
'Finished building: UGV_DRIVE.elf.size'
' '
13:39:02 **** Incremental Build of configuration Debug for project UGV_DRIVE ****
make pre-build main-build 
a9-linaro-pre-build-step
' '
make: Nothing to be done for `main-build'.
13:43:25 **** Auto Build of configuration Debug for project UGV_DRIVE ****
make pre-build main-build 
a9-linaro-pre-build-step
' '
'Building file: ../src/helloworld.c'
'Invoking: ARM v7 gcc compiler'
arm-none-eabi-gcc -Wall -O0 -g3 -c -fmessage-length=0 -MT"src/helloworld.o" -mcpu=cortex-a9 -mfpu=vfpv3 -mfloat-abi=hard -I../../UGV_DRIVE_bsp/ps7_cortexa9_0/include -MMD -MP -MF"src/helloworld.d" -MT"src/helloworld.o" -o "src/helloworld.o" "../src/helloworld.c"
../src/helloworld.c: In function 'Handler':
../src/helloworld.c:744:8: warning: assignment makes pointer from integer without a cast [-Wint-conversion]
      cs= get_checksum(message);
        ^
../src/helloworld.c:740:8: warning: variable 'checker' set but not used [-Wunused-but-set-variable]
     u8 checker[4];
        ^~~~~~~
../src/helloworld.c: In function 'get_checksum':
../src/helloworld.c:1002:9: warning: passing argument 1 of 'strcpy' makes pointer from integer without a cast [-Wint-conversion]
  strcpy(digit,new);
         ^~~~~
In file included from c:\xilinx\sdk\2017.4\gnu\aarch32\nt\gcc-arm-none-eabi\arm-none-eabi\libc\usr\include\ctype.h:4:0,
                 from ../../UGV_DRIVE_bsp/ps7_cortexa9_0/include/xil_printf.h:8,
                 from ../../UGV_DRIVE_bsp/ps7_cortexa9_0/include/xil_io.h:65,
                 from ../../UGV_DRIVE_bsp/ps7_cortexa9_0/include/xuartps_hw.h:73,
                 from ../../UGV_DRIVE_bsp/ps7_cortexa9_0/include/xuartps.h:188,
                 from ../src/helloworld.c:15:
c:\xilinx\sdk\2017.4\gnu\aarch32\nt\gcc-arm-none-eabi\arm-none-eabi\libc\usr\include\string.h:30:8: note: expected 'char * restrict' but argument is of type 'char'
 char  *_EXFUN(strcpy,(char *__restrict, const char *__restrict));
        ^
At top level:
../src/helloworld.c:528:13: warning: 'UartLiteDisableIntrSystem' defined but not used [-Wunused-function]
 static void UartLiteDisableIntrSystem(INTC *IntcInstancePtr,
             ^~~~~~~~~~~~~~~~~~~~~~~~~
'Finished building: ../src/helloworld.c'
' '
'Building target: UGV_DRIVE.elf'
'Invoking: ARM v7 gcc linker'
arm-none-eabi-gcc -mcpu=cortex-a9 -mfpu=vfpv3 -mfloat-abi=hard -Wl,-build-id=none -specs=Xilinx.spec -Wl,-T -Wl,../src/lscript.ld -L../../UGV_DRIVE_bsp/ps7_cortexa9_0/lib -o "UGV_DRIVE.elf"  ./src/helloworld.o ./src/platform.o   -Wl,--start-group,-lxil,-lgcc,-lc,--end-group
'Finished building target: UGV_DRIVE.elf'
' '
'Invoking: ARM v7 Print Size'
arm-none-eabi-size UGV_DRIVE.elf  |tee "UGV_DRIVE.elf.size"
   text	   data	    bss	    dec	    hex	filename
  36660	   2788	  23016	  62464	   f400	UGV_DRIVE.elf
'Finished building: UGV_DRIVE.elf.size'
' '
13:43:27 **** Incremental Build of configuration Debug for project UGV_DRIVE ****
make pre-build main-build 
a9-linaro-pre-build-step
' '
make: Nothing to be done for `main-build'.
13:55:02 **** Auto Build of configuration Debug for project UGV_DRIVE ****
make pre-build main-build 
a9-linaro-pre-build-step
' '
'Building file: ../src/helloworld.c'
'Invoking: ARM v7 gcc compiler'
arm-none-eabi-gcc -Wall -O0 -g3 -c -fmessage-length=0 -MT"src/helloworld.o" -mcpu=cortex-a9 -mfpu=vfpv3 -mfloat-abi=hard -I../../UGV_DRIVE_bsp/ps7_cortexa9_0/include -MMD -MP -MF"src/helloworld.d" -MT"src/helloworld.o" -o "src/helloworld.o" "../src/helloworld.c"
../src/helloworld.c: In function 'Handler':
../src/helloworld.c:744:8: warning: assignment makes pointer from integer without a cast [-Wint-conversion]
      cs= get_checksum(message);
        ^
../src/helloworld.c:740:8: warning: variable 'checker' set but not used [-Wunused-but-set-variable]
     u8 checker[4];
        ^~~~~~~
../src/helloworld.c: In function 'get_checksum':
../src/helloworld.c:1002:9: warning: passing argument 1 of 'strcpy' makes pointer from integer without a cast [-Wint-conversion]
  strcpy(digit,new);
         ^~~~~
In file included from c:\xilinx\sdk\2017.4\gnu\aarch32\nt\gcc-arm-none-eabi\arm-none-eabi\libc\usr\include\ctype.h:4:0,
                 from ../../UGV_DRIVE_bsp/ps7_cortexa9_0/include/xil_printf.h:8,
                 from ../../UGV_DRIVE_bsp/ps7_cortexa9_0/include/xil_io.h:65,
                 from ../../UGV_DRIVE_bsp/ps7_cortexa9_0/include/xuartps_hw.h:73,
                 from ../../UGV_DRIVE_bsp/ps7_cortexa9_0/include/xuartps.h:188,
                 from ../src/helloworld.c:15:
c:\xilinx\sdk\2017.4\gnu\aarch32\nt\gcc-arm-none-eabi\arm-none-eabi\libc\usr\include\string.h:30:8: note: expected 'char * restrict' but argument is of type 'char'
 char  *_EXFUN(strcpy,(char *__restrict, const char *__restrict));
        ^
At top level:
../src/helloworld.c:528:13: warning: 'UartLiteDisableIntrSystem' defined but not used [-Wunused-function]
 static void UartLiteDisableIntrSystem(INTC *IntcInstancePtr,
             ^~~~~~~~~~~~~~~~~~~~~~~~~
'Finished building: ../src/helloworld.c'
' '
'Building target: UGV_DRIVE.elf'
'Invoking: ARM v7 gcc linker'
arm-none-eabi-gcc -mcpu=cortex-a9 -mfpu=vfpv3 -mfloat-abi=hard -Wl,-build-id=none -specs=Xilinx.spec -Wl,-T -Wl,../src/lscript.ld -L../../UGV_DRIVE_bsp/ps7_cortexa9_0/lib -o "UGV_DRIVE.elf"  ./src/helloworld.o ./src/platform.o   -Wl,--start-group,-lxil,-lgcc,-lc,--end-group
'Finished building target: UGV_DRIVE.elf'
' '
'Invoking: ARM v7 Print Size'
arm-none-eabi-size UGV_DRIVE.elf  |tee "UGV_DRIVE.elf.size"
   text	   data	    bss	    dec	    hex	filename
  36844	   2788	  23016	  62648	   f4b8	UGV_DRIVE.elf
'Finished building: UGV_DRIVE.elf.size'
' '
13:55:12 **** Auto Build of configuration Debug for project UGV_DRIVE ****
make pre-build main-build 
a9-linaro-pre-build-step
' '
'Building file: ../src/helloworld.c'
'Invoking: ARM v7 gcc compiler'
arm-none-eabi-gcc -Wall -O0 -g3 -c -fmessage-length=0 -MT"src/helloworld.o" -mcpu=cortex-a9 -mfpu=vfpv3 -mfloat-abi=hard -I../../UGV_DRIVE_bsp/ps7_cortexa9_0/include -MMD -MP -MF"src/helloworld.d" -MT"src/helloworld.o" -o "src/helloworld.o" "../src/helloworld.c"
../src/helloworld.c: In function 'Handler':
../src/helloworld.c:744:8: warning: assignment makes pointer from integer without a cast [-Wint-conversion]
      cs= get_checksum(message);
        ^
../src/helloworld.c:740:8: warning: variable 'checker' set but not used [-Wunused-but-set-variable]
     u8 checker[4];
        ^~~~~~~
../src/helloworld.c: In function 'get_checksum':
../src/helloworld.c:1002:9: warning: passing argument 1 of 'strcpy' makes pointer from integer without a cast [-Wint-conversion]
  strcpy(digit,new);
         ^~~~~
In file included from c:\xilinx\sdk\2017.4\gnu\aarch32\nt\gcc-arm-none-eabi\arm-none-eabi\libc\usr\include\ctype.h:4:0,
                 from ../../UGV_DRIVE_bsp/ps7_cortexa9_0/include/xil_printf.h:8,
                 from ../../UGV_DRIVE_bsp/ps7_cortexa9_0/include/xil_io.h:65,
                 from ../../UGV_DRIVE_bsp/ps7_cortexa9_0/include/xuartps_hw.h:73,
                 from ../../UGV_DRIVE_bsp/ps7_cortexa9_0/include/xuartps.h:188,
                 from ../src/helloworld.c:15:
c:\xilinx\sdk\2017.4\gnu\aarch32\nt\gcc-arm-none-eabi\arm-none-eabi\libc\usr\include\string.h:30:8: note: expected 'char * restrict' but argument is of type 'char'
 char  *_EXFUN(strcpy,(char *__restrict, const char *__restrict));
        ^
At top level:
../src/helloworld.c:528:13: warning: 'UartLiteDisableIntrSystem' defined but not used [-Wunused-function]
 static void UartLiteDisableIntrSystem(INTC *IntcInstancePtr,
             ^~~~~~~~~~~~~~~~~~~~~~~~~
'Finished building: ../src/helloworld.c'
' '
'Building target: UGV_DRIVE.elf'
'Invoking: ARM v7 gcc linker'
arm-none-eabi-gcc -mcpu=cortex-a9 -mfpu=vfpv3 -mfloat-abi=hard -Wl,-build-id=none -specs=Xilinx.spec -Wl,-T -Wl,../src/lscript.ld -L../../UGV_DRIVE_bsp/ps7_cortexa9_0/lib -o "UGV_DRIVE.elf"  ./src/helloworld.o ./src/platform.o   -Wl,--start-group,-lxil,-lgcc,-lc,--end-group
'Finished building target: UGV_DRIVE.elf'
' '
'Invoking: ARM v7 Print Size'
arm-none-eabi-size UGV_DRIVE.elf  |tee "UGV_DRIVE.elf.size"
   text	   data	    bss	    dec	    hex	filename
  36844	   2788	  23016	  62648	   f4b8	UGV_DRIVE.elf
'Finished building: UGV_DRIVE.elf.size'
' '
13:55:22 **** Auto Build of configuration Debug for project UGV_DRIVE ****
make pre-build main-build 
a9-linaro-pre-build-step
' '
'Building file: ../src/helloworld.c'
'Invoking: ARM v7 gcc compiler'
arm-none-eabi-gcc -Wall -O0 -g3 -c -fmessage-length=0 -MT"src/helloworld.o" -mcpu=cortex-a9 -mfpu=vfpv3 -mfloat-abi=hard -I../../UGV_DRIVE_bsp/ps7_cortexa9_0/include -MMD -MP -MF"src/helloworld.d" -MT"src/helloworld.o" -o "src/helloworld.o" "../src/helloworld.c"
../src/helloworld.c: In function 'Handler':
../src/helloworld.c:744:8: warning: assignment makes pointer from integer without a cast [-Wint-conversion]
      cs= get_checksum(message);
        ^
../src/helloworld.c:740:8: warning: variable 'checker' set but not used [-Wunused-but-set-variable]
     u8 checker[4];
        ^~~~~~~
../src/helloworld.c: In function 'get_checksum':
../src/helloworld.c:1002:9: warning: passing argument 1 of 'strcpy' makes pointer from integer without a cast [-Wint-conversion]
  strcpy(digit,new);
         ^~~~~
In file included from c:\xilinx\sdk\2017.4\gnu\aarch32\nt\gcc-arm-none-eabi\arm-none-eabi\libc\usr\include\ctype.h:4:0,
                 from ../../UGV_DRIVE_bsp/ps7_cortexa9_0/include/xil_printf.h:8,
                 from ../../UGV_DRIVE_bsp/ps7_cortexa9_0/include/xil_io.h:65,
                 from ../../UGV_DRIVE_bsp/ps7_cortexa9_0/include/xuartps_hw.h:73,
                 from ../../UGV_DRIVE_bsp/ps7_cortexa9_0/include/xuartps.h:188,
                 from ../src/helloworld.c:15:
c:\xilinx\sdk\2017.4\gnu\aarch32\nt\gcc-arm-none-eabi\arm-none-eabi\libc\usr\include\string.h:30:8: note: expected 'char * restrict' but argument is of type 'char'
 char  *_EXFUN(strcpy,(char *__restrict, const char *__restrict));
        ^
At top level:
../src/helloworld.c:528:13: warning: 'UartLiteDisableIntrSystem' defined but not used [-Wunused-function]
 static void UartLiteDisableIntrSystem(INTC *IntcInstancePtr,
             ^~~~~~~~~~~~~~~~~~~~~~~~~
'Finished building: ../src/helloworld.c'
' '
'Building target: UGV_DRIVE.elf'
'Invoking: ARM v7 gcc linker'
arm-none-eabi-gcc -mcpu=cortex-a9 -mfpu=vfpv3 -mfloat-abi=hard -Wl,-build-id=none -specs=Xilinx.spec -Wl,-T -Wl,../src/lscript.ld -L../../UGV_DRIVE_bsp/ps7_cortexa9_0/lib -o "UGV_DRIVE.elf"  ./src/helloworld.o ./src/platform.o   -Wl,--start-group,-lxil,-lgcc,-lc,--end-group
'Finished building target: UGV_DRIVE.elf'
' '
'Invoking: ARM v7 Print Size'
arm-none-eabi-size UGV_DRIVE.elf  |tee "UGV_DRIVE.elf.size"
   text	   data	    bss	    dec	    hex	filename
  36788	   2788	  23016	  62592	   f480	UGV_DRIVE.elf
'Finished building: UGV_DRIVE.elf.size'
' '
13:55:23 **** Incremental Build of configuration Debug for project UGV_DRIVE ****
make pre-build main-build 
a9-linaro-pre-build-step
' '
make: Nothing to be done for `main-build'.
13:55:25 **** Incremental Build of configuration Debug for project UGV_DRIVE ****
make pre-build main-build 
a9-linaro-pre-build-step
' '
make: Nothing to be done for `main-build'.
17:24:03 **** Clean-only build of project UGV_DRIVE_bsp ****
make -k clean 
make -C ps7_cortexa9_0/libsrc/coresightps_dcc_v1_4/src -s clean 
make -C ps7_cortexa9_0/libsrc/cpu_cortexa9_v2_5/src -s clean 
make -C ps7_cortexa9_0/libsrc/ddrps_v1_0/src -s clean 
make -C ps7_cortexa9_0/libsrc/devcfg_v3_5/src -s clean 
make -C ps7_cortexa9_0/libsrc/dmaps_v2_3/src -s clean 
make -C ps7_cortexa9_0/libsrc/emacps_v3_6/src -s clean 
make -C ps7_cortexa9_0/libsrc/gpio_v4_3/src -s clean 
make -C ps7_cortexa9_0/libsrc/gpiops_v3_3/src -s clean 
make -C ps7_cortexa9_0/libsrc/MD03ADRIVER_v1_0/src -s clean 
rm: cannot lstat `*.o': Invalid argument
make[1]: *** [clean] Error 1
make: *** [ps7_cortexa9_0/libsrc/MD03ADRIVER_v1_0/src/make.clean] Error 2
make -C ps7_cortexa9_0/libsrc/qspips_v3_4/src -s clean 
make -C ps7_cortexa9_0/libsrc/scugic_v3_8/src -s clean 
make -C ps7_cortexa9_0/libsrc/scutimer_v2_1/src -s clean 
make -C ps7_cortexa9_0/libsrc/scuwdt_v2_1/src -s clean 
make -C ps7_cortexa9_0/libsrc/sdps_v3_3/src -s clean 
make -C ps7_cortexa9_0/libsrc/standalone_v6_5/src -s clean 
make -C ps7_cortexa9_0/libsrc/ttcps_v3_5/src -s clean 
make -C ps7_cortexa9_0/libsrc/uartlite_v3_2/src -s clean 
make -C ps7_cortexa9_0/libsrc/uartps_v3_5/src -s clean 
make -C ps7_cortexa9_0/libsrc/usbps_v2_4/src -s clean 
make -C ps7_cortexa9_0/libsrc/xadcps_v2_2/src -s clean 
make: Target `clean' not remade because of errors.
17:24:05 **** Clean-only build of configuration Debug for project UGV_DRIVE ****
make clean 
rm -rf  ./src/helloworld.o ./src/platform.o  ./src/helloworld.d ./src/platform.d  UGV_DRIVE.elf.size  UGV_DRIVE.elf
rm: cannot remove `UGV_DRIVE.elf': Permission denied
make: [clean] Error 1 (ignored)
' '
17:24:06 **** Build of project UGV_DRIVE_bsp ****
make -k all 
"Running Make include in ps7_cortexa9_0/libsrc/coresightps_dcc_v1_4/src"
make -C ps7_cortexa9_0/libsrc/coresightps_dcc_v1_4/src -s include  "SHELL=CMD" "COMPILER=arm-none-eabi-gcc" "ARCHIVER=arm-none-eabi-ar" "COMPILER_FLAGS=  -O2 -c" "EXTRA_COMPILER_FLAGS=-mcpu=cortex-a9 -mfpu=vfpv3 -mfloat-abi=hard -nostartfiles -Wall -Wextra"
"Running Make include in ps7_cortexa9_0/libsrc/cpu_cortexa9_v2_5/src"
make -C ps7_cortexa9_0/libsrc/cpu_cortexa9_v2_5/src -s include  "SHELL=CMD" "COMPILER=arm-none-eabi-gcc" "ARCHIVER=arm-none-eabi-ar" "COMPILER_FLAGS=  -O2 -c" "EXTRA_COMPILER_FLAGS=-mcpu=cortex-a9 -mfpu=vfpv3 -mfloat-abi=hard -nostartfiles -Wall -Wextra"
"Running Make include in ps7_cortexa9_0/libsrc/ddrps_v1_0/src"
make -C ps7_cortexa9_0/libsrc/ddrps_v1_0/src -s include  "SHELL=CMD" "COMPILER=arm-none-eabi-gcc" "ARCHIVER=arm-none-eabi-ar" "COMPILER_FLAGS=  -O2 -c" "EXTRA_COMPILER_FLAGS=-mcpu=cortex-a9 -mfpu=vfpv3 -mfloat-abi=hard -nostartfiles -Wall -Wextra"
"Running Make include in ps7_cortexa9_0/libsrc/devcfg_v3_5/src"
make -C ps7_cortexa9_0/libsrc/devcfg_v3_5/src -s include  "SHELL=CMD" "COMPILER=arm-none-eabi-gcc" "ARCHIVER=arm-none-eabi-ar" "COMPILER_FLAGS=  -O2 -c" "EXTRA_COMPILER_FLAGS=-mcpu=cortex-a9 -mfpu=vfpv3 -mfloat-abi=hard -nostartfiles -Wall -Wextra"
"Running Make include in ps7_cortexa9_0/libsrc/dmaps_v2_3/src"
make -C ps7_cortexa9_0/libsrc/dmaps_v2_3/src -s include  "SHELL=CMD" "COMPILER=arm-none-eabi-gcc" "ARCHIVER=arm-none-eabi-ar" "COMPILER_FLAGS=  -O2 -c" "EXTRA_COMPILER_FLAGS=-mcpu=cortex-a9 -mfpu=vfpv3 -mfloat-abi=hard -nostartfiles -Wall -Wextra"
"Running Make include in ps7_cortexa9_0/libsrc/emacps_v3_6/src"
make -C ps7_cortexa9_0/libsrc/emacps_v3_6/src -s include  "SHELL=CMD" "COMPILER=arm-none-eabi-gcc" "ARCHIVER=arm-none-eabi-ar" "COMPILER_FLAGS=  -O2 -c" "EXTRA_COMPILER_FLAGS=-mcpu=cortex-a9 -mfpu=vfpv3 -mfloat-abi=hard -nostartfiles -Wall -Wextra"
"Running Make include in ps7_cortexa9_0/libsrc/gpio_v4_3/src"
make -C ps7_cortexa9_0/libsrc/gpio_v4_3/src -s include  "SHELL=CMD" "COMPILER=arm-none-eabi-gcc" "ARCHIVER=arm-none-eabi-ar" "COMPILER_FLAGS=  -O2 -c" "EXTRA_COMPILER_FLAGS=-mcpu=cortex-a9 -mfpu=vfpv3 -mfloat-abi=hard -nostartfiles -Wall -Wextra"
"Running Make include in ps7_cortexa9_0/libsrc/gpiops_v3_3/src"
make -C ps7_cortexa9_0/libsrc/gpiops_v3_3/src -s include  "SHELL=CMD" "COMPILER=arm-none-eabi-gcc" "ARCHIVER=arm-none-eabi-ar" "COMPILER_FLAGS=  -O2 -c" "EXTRA_COMPILER_FLAGS=-mcpu=cortex-a9 -mfpu=vfpv3 -mfloat-abi=hard -nostartfiles -Wall -Wextra"
"Running Make include in ps7_cortexa9_0/libsrc/MD03ADRIVER_v1_0/src"
make -C ps7_cortexa9_0/libsrc/MD03ADRIVER_v1_0/src -s include  "SHELL=CMD" "COMPILER=arm-none-eabi-gcc" "ARCHIVER=arm-none-eabi-ar" "COMPILER_FLAGS=  -O2 -c" "EXTRA_COMPILER_FLAGS=-mcpu=cortex-a9 -mfpu=vfpv3 -mfloat-abi=hard -nostartfiles -Wall -Wextra"
"Running Make include in ps7_cortexa9_0/libsrc/qspips_v3_4/src"
make -C ps7_cortexa9_0/libsrc/qspips_v3_4/src -s include  "SHELL=CMD" "COMPILER=arm-none-eabi-gcc" "ARCHIVER=arm-none-eabi-ar" "COMPILER_FLAGS=  -O2 -c" "EXTRA_COMPILER_FLAGS=-mcpu=cortex-a9 -mfpu=vfpv3 -mfloat-abi=hard -nostartfiles -Wall -Wextra"
"Running Make include in ps7_cortexa9_0/libsrc/scugic_v3_8/src"
make -C ps7_cortexa9_0/libsrc/scugic_v3_8/src -s include  "SHELL=CMD" "COMPILER=arm-none-eabi-gcc" "ARCHIVER=arm-none-eabi-ar" "COMPILER_FLAGS=  -O2 -c" "EXTRA_COMPILER_FLAGS=-mcpu=cortex-a9 -mfpu=vfpv3 -mfloat-abi=hard -nostartfiles -Wall -Wextra"
"Running Make include in ps7_cortexa9_0/libsrc/scutimer_v2_1/src"
make -C ps7_cortexa9_0/libsrc/scutimer_v2_1/src -s include  "SHELL=CMD" "COMPILER=arm-none-eabi-gcc" "ARCHIVER=arm-none-eabi-ar" "COMPILER_FLAGS=  -O2 -c" "EXTRA_COMPILER_FLAGS=-mcpu=cortex-a9 -mfpu=vfpv3 -mfloat-abi=hard -nostartfiles -Wall -Wextra"
"Running Make include in ps7_cortexa9_0/libsrc/scuwdt_v2_1/src"
make -C ps7_cortexa9_0/libsrc/scuwdt_v2_1/src -s include  "SHELL=CMD" "COMPILER=arm-none-eabi-gcc" "ARCHIVER=arm-none-eabi-ar" "COMPILER_FLAGS=  -O2 -c" "EXTRA_COMPILER_FLAGS=-mcpu=cortex-a9 -mfpu=vfpv3 -mfloat-abi=hard -nostartfiles -Wall -Wextra"
"Running Make include in ps7_cortexa9_0/libsrc/sdps_v3_3/src"
make -C ps7_cortexa9_0/libsrc/sdps_v3_3/src -s include  "SHELL=CMD" "COMPILER=arm-none-eabi-gcc" "ARCHIVER=arm-none-eabi-ar" "COMPILER_FLAGS=  -O2 -c" "EXTRA_COMPILER_FLAGS=-mcpu=cortex-a9 -mfpu=vfpv3 -mfloat-abi=hard -nostartfiles -Wall -Wextra"
"Running Make include in ps7_cortexa9_0/libsrc/standalone_v6_5/src"
make -C ps7_cortexa9_0/libsrc/standalone_v6_5/src -s include  "SHELL=CMD" "COMPILER=arm-none-eabi-gcc" "ARCHIVER=arm-none-eabi-ar" "COMPILER_FLAGS=  -O2 -c" "EXTRA_COMPILER_FLAGS=-mcpu=cortex-a9 -mfpu=vfpv3 -mfloat-abi=hard -nostartfiles -Wall -Wextra"
"Running Make include in ps7_cortexa9_0/libsrc/ttcps_v3_5/src"
make -C ps7_cortexa9_0/libsrc/ttcps_v3_5/src -s include  "SHELL=CMD" "COMPILER=arm-none-eabi-gcc" "ARCHIVER=arm-none-eabi-ar" "COMPILER_FLAGS=  -O2 -c" "EXTRA_COMPILER_FLAGS=-mcpu=cortex-a9 -mfpu=vfpv3 -mfloat-abi=hard -nostartfiles -Wall -Wextra"
"Running Make include in ps7_cortexa9_0/libsrc/uartlite_v3_2/src"
make -C ps7_cortexa9_0/libsrc/uartlite_v3_2/src -s include  "SHELL=CMD" "COMPILER=arm-none-eabi-gcc" "ARCHIVER=arm-none-eabi-ar" "COMPILER_FLAGS=  -O2 -c" "EXTRA_COMPILER_FLAGS=-mcpu=cortex-a9 -mfpu=vfpv3 -mfloat-abi=hard -nostartfiles -Wall -Wextra"
"Running Make include in ps7_cortexa9_0/libsrc/uartps_v3_5/src"
make -C ps7_cortexa9_0/libsrc/uartps_v3_5/src -s include  "SHELL=CMD" "COMPILER=arm-none-eabi-gcc" "ARCHIVER=arm-none-eabi-ar" "COMPILER_FLAGS=  -O2 -c" "EXTRA_COMPILER_FLAGS=-mcpu=cortex-a9 -mfpu=vfpv3 -mfloat-abi=hard -nostartfiles -Wall -Wextra"
"Running Make include in ps7_cortexa9_0/libsrc/usbps_v2_4/src"
make -C ps7_cortexa9_0/libsrc/usbps_v2_4/src -s include  "SHELL=CMD" "COMPILER=arm-none-eabi-gcc" "ARCHIVER=arm-none-eabi-ar" "COMPILER_FLAGS=  -O2 -c" "EXTRA_COMPILER_FLAGS=-mcpu=cortex-a9 -mfpu=vfpv3 -mfloat-abi=hard -nostartfiles -Wall -Wextra"
"Running Make include in ps7_cortexa9_0/libsrc/xadcps_v2_2/src"
make -C ps7_cortexa9_0/libsrc/xadcps_v2_2/src -s include  "SHELL=CMD" "COMPILER=arm-none-eabi-gcc" "ARCHIVER=arm-none-eabi-ar" "COMPILER_FLAGS=  -O2 -c" "EXTRA_COMPILER_FLAGS=-mcpu=cortex-a9 -mfpu=vfpv3 -mfloat-abi=hard -nostartfiles -Wall -Wextra"
"Running Make libs in ps7_cortexa9_0/libsrc/coresightps_dcc_v1_4/src"
make -C ps7_cortexa9_0/libsrc/coresightps_dcc_v1_4/src -s libs  "SHELL=CMD" "COMPILER=arm-none-eabi-gcc" "ARCHIVER=arm-none-eabi-ar" "COMPILER_FLAGS=  -O2 -c" "EXTRA_COMPILER_FLAGS=-mcpu=cortex-a9 -mfpu=vfpv3 -mfloat-abi=hard -nostartfiles -Wall -Wextra"
"Compiling coresightps_dcc"
arm-none-eabi-ar: creating ../../../lib/libxil.a
"Running Make libs in ps7_cortexa9_0/libsrc/cpu_cortexa9_v2_5/src"
make -C ps7_cortexa9_0/libsrc/cpu_cortexa9_v2_5/src -s libs  "SHELL=CMD" "COMPILER=arm-none-eabi-gcc" "ARCHIVER=arm-none-eabi-ar" "COMPILER_FLAGS=  -O2 -c" "EXTRA_COMPILER_FLAGS=-mcpu=cortex-a9 -mfpu=vfpv3 -mfloat-abi=hard -nostartfiles -Wall -Wextra"
"Compiling cpu_cortexa9"
"Running Make libs in ps7_cortexa9_0/libsrc/ddrps_v1_0/src"
make -C ps7_cortexa9_0/libsrc/ddrps_v1_0/src -s libs  "SHELL=CMD" "COMPILER=arm-none-eabi-gcc" "ARCHIVER=arm-none-eabi-ar" "COMPILER_FLAGS=  -O2 -c" "EXTRA_COMPILER_FLAGS=-mcpu=cortex-a9 -mfpu=vfpv3 -mfloat-abi=hard -nostartfiles -Wall -Wextra"
"Compiling ddrps"
"Running Make libs in ps7_cortexa9_0/libsrc/devcfg_v3_5/src"
make -C ps7_cortexa9_0/libsrc/devcfg_v3_5/src -s libs  "SHELL=CMD" "COMPILER=arm-none-eabi-gcc" "ARCHIVER=arm-none-eabi-ar" "COMPILER_FLAGS=  -O2 -c" "EXTRA_COMPILER_FLAGS=-mcpu=cortex-a9 -mfpu=vfpv3 -mfloat-abi=hard -nostartfiles -Wall -Wextra"
"Compiling devcfg"
"Running Make libs in ps7_cortexa9_0/libsrc/dmaps_v2_3/src"
make -C ps7_cortexa9_0/libsrc/dmaps_v2_3/src -s libs  "SHELL=CMD" "COMPILER=arm-none-eabi-gcc" "ARCHIVER=arm-none-eabi-ar" "COMPILER_FLAGS=  -O2 -c" "EXTRA_COMPILER_FLAGS=-mcpu=cortex-a9 -mfpu=vfpv3 -mfloat-abi=hard -nostartfiles -Wall -Wextra"
"Compiling dmaps"
"Running Make libs in ps7_cortexa9_0/libsrc/emacps_v3_6/src"
make -C ps7_cortexa9_0/libsrc/emacps_v3_6/src -s libs  "SHELL=CMD" "COMPILER=arm-none-eabi-gcc" "ARCHIVER=arm-none-eabi-ar" "COMPILER_FLAGS=  -O2 -c" "EXTRA_COMPILER_FLAGS=-mcpu=cortex-a9 -mfpu=vfpv3 -mfloat-abi=hard -nostartfiles -Wall -Wextra"
"Compiling emacps"
"Running Make libs in ps7_cortexa9_0/libsrc/gpio_v4_3/src"
make -C ps7_cortexa9_0/libsrc/gpio_v4_3/src -s libs  "SHELL=CMD" "COMPILER=arm-none-eabi-gcc" "ARCHIVER=arm-none-eabi-ar" "COMPILER_FLAGS=  -O2 -c" "EXTRA_COMPILER_FLAGS=-mcpu=cortex-a9 -mfpu=vfpv3 -mfloat-abi=hard -nostartfiles -Wall -Wextra"
"Compiling gpio"
"Running Make libs in ps7_cortexa9_0/libsrc/gpiops_v3_3/src"
make -C ps7_cortexa9_0/libsrc/gpiops_v3_3/src -s libs  "SHELL=CMD" "COMPILER=arm-none-eabi-gcc" "ARCHIVER=arm-none-eabi-ar" "COMPILER_FLAGS=  -O2 -c" "EXTRA_COMPILER_FLAGS=-mcpu=cortex-a9 -mfpu=vfpv3 -mfloat-abi=hard -nostartfiles -Wall -Wextra"
"Compiling gpiops"
"Running Make libs in ps7_cortexa9_0/libsrc/MD03ADRIVER_v1_0/src"
make -C ps7_cortexa9_0/libsrc/MD03ADRIVER_v1_0/src -s libs  "SHELL=CMD" "COMPILER=arm-none-eabi-gcc" "ARCHIVER=arm-none-eabi-ar" "COMPILER_FLAGS=  -O2 -c" "EXTRA_COMPILER_FLAGS=-mcpu=cortex-a9 -mfpu=vfpv3 -mfloat-abi=hard -nostartfiles -Wall -Wextra"
"Compiling MD03ADRIVER..."
MD03ADRIVER_selftest.c: In function 'MD03ADRIVER_Reg_SelfTest':
MD03ADRIVER_selftest.c:52:60: warning: comparison between signed and unsigned integer expressions [-Wsign-compare]
    if ( MD03ADRIVER_mReadReg (baseaddr, read_loop_index*4) != (read_loop_index+1)*READ_WRITE_MUL_FACTOR){
                                                            ^~
MD03ADRIVER_selftest.c:36:6: warning: unused variable 'Index' [-Wunused-variable]
  int Index;
      ^~~~~
"Running Make libs in ps7_cortexa9_0/libsrc/qspips_v3_4/src"
make -C ps7_cortexa9_0/libsrc/qspips_v3_4/src -s libs  "SHELL=CMD" "COMPILER=arm-none-eabi-gcc" "ARCHIVER=arm-none-eabi-ar" "COMPILER_FLAGS=  -O2 -c" "EXTRA_COMPILER_FLAGS=-mcpu=cortex-a9 -mfpu=vfpv3 -mfloat-abi=hard -nostartfiles -Wall -Wextra"
"Compiling qspips"
"Running Make libs in ps7_cortexa9_0/libsrc/scugic_v3_8/src"
make -C ps7_cortexa9_0/libsrc/scugic_v3_8/src -s libs  "SHELL=CMD" "COMPILER=arm-none-eabi-gcc" "ARCHIVER=arm-none-eabi-ar" "COMPILER_FLAGS=  -O2 -c" "EXTRA_COMPILER_FLAGS=-mcpu=cortex-a9 -mfpu=vfpv3 -mfloat-abi=hard -nostartfiles -Wall -Wextra"
"Compiling scugic"
"Running Make libs in ps7_cortexa9_0/libsrc/scutimer_v2_1/src"
make -C ps7_cortexa9_0/libsrc/scutimer_v2_1/src -s libs  "SHELL=CMD" "COMPILER=arm-none-eabi-gcc" "ARCHIVER=arm-none-eabi-ar" "COMPILER_FLAGS=  -O2 -c" "EXTRA_COMPILER_FLAGS=-mcpu=cortex-a9 -mfpu=vfpv3 -mfloat-abi=hard -nostartfiles -Wall -Wextra"
"Compiling scutimer"
"Running Make libs in ps7_cortexa9_0/libsrc/scuwdt_v2_1/src"
make -C ps7_cortexa9_0/libsrc/scuwdt_v2_1/src -s libs  "SHELL=CMD" "COMPILER=arm-none-eabi-gcc" "ARCHIVER=arm-none-eabi-ar" "COMPILER_FLAGS=  -O2 -c" "EXTRA_COMPILER_FLAGS=-mcpu=cortex-a9 -mfpu=vfpv3 -mfloat-abi=hard -nostartfiles -Wall -Wextra"
"Compiling scuwdt"
"Running Make libs in ps7_cortexa9_0/libsrc/sdps_v3_3/src"
make -C ps7_cortexa9_0/libsrc/sdps_v3_3/src -s libs  "SHELL=CMD" "COMPILER=arm-none-eabi-gcc" "ARCHIVER=arm-none-eabi-ar" "COMPILER_FLAGS=  -O2 -c" "EXTRA_COMPILER_FLAGS=-mcpu=cortex-a9 -mfpu=vfpv3 -mfloat-abi=hard -nostartfiles -Wall -Wextra"
"Compiling sdps"
"Running Make libs in ps7_cortexa9_0/libsrc/standalone_v6_5/src"
make -C ps7_cortexa9_0/libsrc/standalone_v6_5/src -s libs  "SHELL=CMD" "COMPILER=arm-none-eabi-gcc" "ARCHIVER=arm-none-eabi-ar" "COMPILER_FLAGS=  -O2 -c" "EXTRA_COMPILER_FLAGS=-mcpu=cortex-a9 -mfpu=vfpv3 -mfloat-abi=hard -nostartfiles -Wall -Wextra"
"Compiling standalone"
"Running Make libs in ps7_cortexa9_0/libsrc/ttcps_v3_5/src"
make -C ps7_cortexa9_0/libsrc/ttcps_v3_5/src -s libs  "SHELL=CMD" "COMPILER=arm-none-eabi-gcc" "ARCHIVER=arm-none-eabi-ar" "COMPILER_FLAGS=  -O2 -c" "EXTRA_COMPILER_FLAGS=-mcpu=cortex-a9 -mfpu=vfpv3 -mfloat-abi=hard -nostartfiles -Wall -Wextra"
"Compiling ttcps"
"Running Make libs in ps7_cortexa9_0/libsrc/uartlite_v3_2/src"
make -C ps7_cortexa9_0/libsrc/uartlite_v3_2/src -s libs  "SHELL=CMD" "COMPILER=arm-none-eabi-gcc" "ARCHIVER=arm-none-eabi-ar" "COMPILER_FLAGS=  -O2 -c" "EXTRA_COMPILER_FLAGS=-mcpu=cortex-a9 -mfpu=vfpv3 -mfloat-abi=hard -nostartfiles -Wall -Wextra"
"Compiling uartlite"
"Running Make libs in ps7_cortexa9_0/libsrc/uartps_v3_5/src"
make -C ps7_cortexa9_0/libsrc/uartps_v3_5/src -s libs  "SHELL=CMD" "COMPILER=arm-none-eabi-gcc" "ARCHIVER=arm-none-eabi-ar" "COMPILER_FLAGS=  -O2 -c" "EXTRA_COMPILER_FLAGS=-mcpu=cortex-a9 -mfpu=vfpv3 -mfloat-abi=hard -nostartfiles -Wall -Wextra"
"Compiling uartps"
"Running Make libs in ps7_cortexa9_0/libsrc/usbps_v2_4/src"
make -C ps7_cortexa9_0/libsrc/usbps_v2_4/src -s libs  "SHELL=CMD" "COMPILER=arm-none-eabi-gcc" "ARCHIVER=arm-none-eabi-ar" "COMPILER_FLAGS=  -O2 -c" "EXTRA_COMPILER_FLAGS=-mcpu=cortex-a9 -mfpu=vfpv3 -mfloat-abi=hard -nostartfiles -Wall -Wextra"
"Compiling usbps"
"Running Make libs in ps7_cortexa9_0/libsrc/xadcps_v2_2/src"
make -C ps7_cortexa9_0/libsrc/xadcps_v2_2/src -s libs  "SHELL=CMD" "COMPILER=arm-none-eabi-gcc" "ARCHIVER=arm-none-eabi-ar" "COMPILER_FLAGS=  -O2 -c" "EXTRA_COMPILER_FLAGS=-mcpu=cortex-a9 -mfpu=vfpv3 -mfloat-abi=hard -nostartfiles -Wall -Wextra"
"Compiling xadcps"
'Finished building libraries'
17:24:35 **** Build of configuration Debug for project UGV_DRIVE ****
make pre-build main-build 
a9-linaro-pre-build-step
' '
'Building file: ../src/helloworld.c'
'Invoking: ARM v7 gcc compiler'
arm-none-eabi-gcc -Wall -O0 -g3 -c -fmessage-length=0 -MT"src/helloworld.o" -mcpu=cortex-a9 -mfpu=vfpv3 -mfloat-abi=hard -I../../UGV_DRIVE_bsp/ps7_cortexa9_0/include -MMD -MP -MF"src/helloworld.d" -MT"src/helloworld.o" -o "src/helloworld.o" "../src/helloworld.c"
../src/helloworld.c: In function 'Handler':
../src/helloworld.c:744:8: warning: assignment makes pointer from integer without a cast [-Wint-conversion]
      cs= get_checksum(message);
        ^
../src/helloworld.c:740:8: warning: variable 'checker' set but not used [-Wunused-but-set-variable]
     u8 checker[4];
        ^~~~~~~
../src/helloworld.c: In function 'get_checksum':
../src/helloworld.c:1002:9: warning: passing argument 1 of 'strcpy' makes pointer from integer without a cast [-Wint-conversion]
  strcpy(digit,new);
         ^~~~~
In file included from c:\xilinx\sdk\2017.4\gnu\aarch32\nt\gcc-arm-none-eabi\arm-none-eabi\libc\usr\include\ctype.h:4:0,
                 from ../../UGV_DRIVE_bsp/ps7_cortexa9_0/include/xil_printf.h:8,
                 from ../../UGV_DRIVE_bsp/ps7_cortexa9_0/include/xil_io.h:65,
                 from ../../UGV_DRIVE_bsp/ps7_cortexa9_0/include/xuartps_hw.h:73,
                 from ../../UGV_DRIVE_bsp/ps7_cortexa9_0/include/xuartps.h:188,
                 from ../src/helloworld.c:15:
c:\xilinx\sdk\2017.4\gnu\aarch32\nt\gcc-arm-none-eabi\arm-none-eabi\libc\usr\include\string.h:30:8: note: expected 'char * restrict' but argument is of type 'char'
 char  *_EXFUN(strcpy,(char *__restrict, const char *__restrict));
        ^
At top level:
../src/helloworld.c:528:13: warning: 'UartLiteDisableIntrSystem' defined but not used [-Wunused-function]
 static void UartLiteDisableIntrSystem(INTC *IntcInstancePtr,
             ^~~~~~~~~~~~~~~~~~~~~~~~~
'Finished building: ../src/helloworld.c'
' '
'Building file: ../src/platform.c'
'Invoking: ARM v7 gcc compiler'
arm-none-eabi-gcc -Wall -O0 -g3 -c -fmessage-length=0 -MT"src/platform.o" -mcpu=cortex-a9 -mfpu=vfpv3 -mfloat-abi=hard -I../../UGV_DRIVE_bsp/ps7_cortexa9_0/include -MMD -MP -MF"src/platform.d" -MT"src/platform.o" -o "src/platform.o" "../src/platform.c"
'Finished building: ../src/platform.c'
' '
'Building target: UGV_DRIVE.elf'
'Invoking: ARM v7 gcc linker'
arm-none-eabi-gcc -mcpu=cortex-a9 -mfpu=vfpv3 -mfloat-abi=hard -Wl,-build-id=none -specs=Xilinx.spec -Wl,-T -Wl,../src/lscript.ld -L../../UGV_DRIVE_bsp/ps7_cortexa9_0/lib -o "UGV_DRIVE.elf"  ./src/helloworld.o ./src/platform.o   -Wl,--start-group,-lxil,-lgcc,-lc,--end-group
'Finished building target: UGV_DRIVE.elf'
' '
'Invoking: ARM v7 Print Size'
arm-none-eabi-size UGV_DRIVE.elf  |tee "UGV_DRIVE.elf.size"
   text	   data	    bss	    dec	    hex	filename
  36788	   2788	  23016	  62592	   f480	UGV_DRIVE.elf
'Finished building: UGV_DRIVE.elf.size'
' '
17:25:35 **** Incremental Build of configuration Debug for project UGV_DRIVE ****
make pre-build main-build 
a9-linaro-pre-build-step
' '
make: Nothing to be done for `main-build'.
17:30:03 **** Auto Build of configuration Debug for project UGV_DRIVE ****
make pre-build main-build 
a9-linaro-pre-build-step
' '
'Building file: ../src/helloworld.c'
'Invoking: ARM v7 gcc compiler'
arm-none-eabi-gcc -Wall -O0 -g3 -c -fmessage-length=0 -MT"src/helloworld.o" -mcpu=cortex-a9 -mfpu=vfpv3 -mfloat-abi=hard -I../../UGV_DRIVE_bsp/ps7_cortexa9_0/include -MMD -MP -MF"src/helloworld.d" -MT"src/helloworld.o" -o "src/helloworld.o" "../src/helloworld.c"
../src/helloworld.c: In function 'Handler':
../src/helloworld.c:744:8: warning: assignment makes pointer from integer without a cast [-Wint-conversion]
      cs= get_checksum(message);
        ^
../src/helloworld.c:740:8: warning: variable 'checker' set but not used [-Wunused-but-set-variable]
     u8 checker[4];
        ^~~~~~~
../src/helloworld.c: In function 'get_checksum':
../src/helloworld.c:1002:9: warning: passing argument 1 of 'strcpy' makes pointer from integer without a cast [-Wint-conversion]
  strcpy(digit,new);
         ^~~~~
In file included from c:\xilinx\sdk\2017.4\gnu\aarch32\nt\gcc-arm-none-eabi\arm-none-eabi\libc\usr\include\ctype.h:4:0,
                 from ../../UGV_DRIVE_bsp/ps7_cortexa9_0/include/xil_printf.h:8,
                 from ../../UGV_DRIVE_bsp/ps7_cortexa9_0/include/xil_io.h:65,
                 from ../../UGV_DRIVE_bsp/ps7_cortexa9_0/include/xuartps_hw.h:73,
                 from ../../UGV_DRIVE_bsp/ps7_cortexa9_0/include/xuartps.h:188,
                 from ../src/helloworld.c:15:
c:\xilinx\sdk\2017.4\gnu\aarch32\nt\gcc-arm-none-eabi\arm-none-eabi\libc\usr\include\string.h:30:8: note: expected 'char * restrict' but argument is of type 'char'
 char  *_EXFUN(strcpy,(char *__restrict, const char *__restrict));
        ^
At top level:
../src/helloworld.c:528:13: warning: 'UartLiteDisableIntrSystem' defined but not used [-Wunused-function]
 static void UartLiteDisableIntrSystem(INTC *IntcInstancePtr,
             ^~~~~~~~~~~~~~~~~~~~~~~~~
'Finished building: ../src/helloworld.c'
' '
'Building target: UGV_DRIVE.elf'
'Invoking: ARM v7 gcc linker'
arm-none-eabi-gcc -mcpu=cortex-a9 -mfpu=vfpv3 -mfloat-abi=hard -Wl,-build-id=none -specs=Xilinx.spec -Wl,-T -Wl,../src/lscript.ld -L../../UGV_DRIVE_bsp/ps7_cortexa9_0/lib -o "UGV_DRIVE.elf"  ./src/helloworld.o ./src/platform.o   -Wl,--start-group,-lxil,-lgcc,-lc,--end-group
'Finished building target: UGV_DRIVE.elf'
' '
'Invoking: ARM v7 Print Size'
arm-none-eabi-size UGV_DRIVE.elf  |tee "UGV_DRIVE.elf.size"
   text	   data	    bss	    dec	    hex	filename
  36788	   2788	  23016	  62592	   f480	UGV_DRIVE.elf
'Finished building: UGV_DRIVE.elf.size'
' '
17:30:04 **** Incremental Build of configuration Debug for project UGV_DRIVE ****
make pre-build main-build 
a9-linaro-pre-build-step
' '
make: Nothing to be done for `main-build'.
17:30:09 **** Incremental Build of configuration Debug for project UGV_DRIVE ****
make pre-build main-build 
a9-linaro-pre-build-step
' '
make: Nothing to be done for `main-build'.
17:30:42 **** Auto Build of configuration Debug for project UGV_DRIVE ****
make pre-build main-build 
a9-linaro-pre-build-step
' '
'Building file: ../src/helloworld.c'
'Invoking: ARM v7 gcc compiler'
arm-none-eabi-gcc -Wall -O0 -g3 -c -fmessage-length=0 -MT"src/helloworld.o" -mcpu=cortex-a9 -mfpu=vfpv3 -mfloat-abi=hard -I../../UGV_DRIVE_bsp/ps7_cortexa9_0/include -MMD -MP -MF"src/helloworld.d" -MT"src/helloworld.o" -o "src/helloworld.o" "../src/helloworld.c"
../src/helloworld.c: In function 'Handler':
../src/helloworld.c:744:8: warning: assignment makes pointer from integer without a cast [-Wint-conversion]
      cs= get_checksum(message);
        ^
../src/helloworld.c:740:8: warning: variable 'checker' set but not used [-Wunused-but-set-variable]
     u8 checker[4];
        ^~~~~~~
../src/helloworld.c: In function 'get_checksum':
../src/helloworld.c:1002:9: warning: passing argument 1 of 'strcpy' makes pointer from integer without a cast [-Wint-conversion]
  strcpy(digit,new);
         ^~~~~
In file included from c:\xilinx\sdk\2017.4\gnu\aarch32\nt\gcc-arm-none-eabi\arm-none-eabi\libc\usr\include\ctype.h:4:0,
                 from ../../UGV_DRIVE_bsp/ps7_cortexa9_0/include/xil_printf.h:8,
                 from ../../UGV_DRIVE_bsp/ps7_cortexa9_0/include/xil_io.h:65,
                 from ../../UGV_DRIVE_bsp/ps7_cortexa9_0/include/xuartps_hw.h:73,
                 from ../../UGV_DRIVE_bsp/ps7_cortexa9_0/include/xuartps.h:188,
                 from ../src/helloworld.c:15:
c:\xilinx\sdk\2017.4\gnu\aarch32\nt\gcc-arm-none-eabi\arm-none-eabi\libc\usr\include\string.h:30:8: note: expected 'char * restrict' but argument is of type 'char'
 char  *_EXFUN(strcpy,(char *__restrict, const char *__restrict));
        ^
At top level:
../src/helloworld.c:528:13: warning: 'UartLiteDisableIntrSystem' defined but not used [-Wunused-function]
 static void UartLiteDisableIntrSystem(INTC *IntcInstancePtr,
             ^~~~~~~~~~~~~~~~~~~~~~~~~
'Finished building: ../src/helloworld.c'
' '
'Building target: UGV_DRIVE.elf'
'Invoking: ARM v7 gcc linker'
arm-none-eabi-gcc -mcpu=cortex-a9 -mfpu=vfpv3 -mfloat-abi=hard -Wl,-build-id=none -specs=Xilinx.spec -Wl,-T -Wl,../src/lscript.ld -L../../UGV_DRIVE_bsp/ps7_cortexa9_0/lib -o "UGV_DRIVE.elf"  ./src/helloworld.o ./src/platform.o   -Wl,--start-group,-lxil,-lgcc,-lc,--end-group
'Finished building target: UGV_DRIVE.elf'
' '
'Invoking: ARM v7 Print Size'
arm-none-eabi-size UGV_DRIVE.elf  |tee "UGV_DRIVE.elf.size"
   text	   data	    bss	    dec	    hex	filename
  36716	   2788	  23016	  62520	   f438	UGV_DRIVE.elf
'Finished building: UGV_DRIVE.elf.size'
' '
17:30:48 **** Incremental Build of configuration Debug for project UGV_DRIVE ****
make pre-build main-build 
a9-linaro-pre-build-step
' '
make: Nothing to be done for `main-build'.
17:31:50 **** Auto Build of configuration Debug for project UGV_DRIVE ****
make pre-build main-build 
a9-linaro-pre-build-step
' '
'Building file: ../src/helloworld.c'
'Invoking: ARM v7 gcc compiler'
arm-none-eabi-gcc -Wall -O0 -g3 -c -fmessage-length=0 -MT"src/helloworld.o" -mcpu=cortex-a9 -mfpu=vfpv3 -mfloat-abi=hard -I../../UGV_DRIVE_bsp/ps7_cortexa9_0/include -MMD -MP -MF"src/helloworld.d" -MT"src/helloworld.o" -o "src/helloworld.o" "../src/helloworld.c"
../src/helloworld.c: In function 'Handler':
../src/helloworld.c:744:8: warning: assignment makes pointer from integer without a cast [-Wint-conversion]
      cs= get_checksum(message);
        ^
../src/helloworld.c:740:8: warning: variable 'checker' set but not used [-Wunused-but-set-variable]
     u8 checker[4];
        ^~~~~~~
../src/helloworld.c: In function 'get_checksum':
../src/helloworld.c:1002:9: warning: passing argument 1 of 'strcpy' makes pointer from integer without a cast [-Wint-conversion]
  strcpy(digit,new);
         ^~~~~
In file included from c:\xilinx\sdk\2017.4\gnu\aarch32\nt\gcc-arm-none-eabi\arm-none-eabi\libc\usr\include\ctype.h:4:0,
                 from ../../UGV_DRIVE_bsp/ps7_cortexa9_0/include/xil_printf.h:8,
                 from ../../UGV_DRIVE_bsp/ps7_cortexa9_0/include/xil_io.h:65,
                 from ../../UGV_DRIVE_bsp/ps7_cortexa9_0/include/xuartps_hw.h:73,
                 from ../../UGV_DRIVE_bsp/ps7_cortexa9_0/include/xuartps.h:188,
                 from ../src/helloworld.c:15:
c:\xilinx\sdk\2017.4\gnu\aarch32\nt\gcc-arm-none-eabi\arm-none-eabi\libc\usr\include\string.h:30:8: note: expected 'char * restrict' but argument is of type 'char'
 char  *_EXFUN(strcpy,(char *__restrict, const char *__restrict));
        ^
At top level:
../src/helloworld.c:528:13: warning: 'UartLiteDisableIntrSystem' defined but not used [-Wunused-function]
 static void UartLiteDisableIntrSystem(INTC *IntcInstancePtr,
             ^~~~~~~~~~~~~~~~~~~~~~~~~
'Finished building: ../src/helloworld.c'
' '
'Building target: UGV_DRIVE.elf'
'Invoking: ARM v7 gcc linker'
arm-none-eabi-gcc -mcpu=cortex-a9 -mfpu=vfpv3 -mfloat-abi=hard -Wl,-build-id=none -specs=Xilinx.spec -Wl,-T -Wl,../src/lscript.ld -L../../UGV_DRIVE_bsp/ps7_cortexa9_0/lib -o "UGV_DRIVE.elf"  ./src/helloworld.o ./src/platform.o   -Wl,--start-group,-lxil,-lgcc,-lc,--end-group
'Finished building target: UGV_DRIVE.elf'
' '
'Invoking: ARM v7 Print Size'
arm-none-eabi-size UGV_DRIVE.elf  |tee "UGV_DRIVE.elf.size"
   text	   data	    bss	    dec	    hex	filename
  36724	   2788	  23016	  62528	   f440	UGV_DRIVE.elf
'Finished building: UGV_DRIVE.elf.size'
' '
17:32:17 **** Incremental Build of configuration Debug for project UGV_DRIVE ****
make pre-build main-build 
a9-linaro-pre-build-step
' '
make: Nothing to be done for `main-build'.
17:33:20 **** Auto Build of configuration Debug for project UGV_DRIVE ****
make pre-build main-build 
a9-linaro-pre-build-step
' '
'Building file: ../src/helloworld.c'
'Invoking: ARM v7 gcc compiler'
arm-none-eabi-gcc -Wall -O0 -g3 -c -fmessage-length=0 -MT"src/helloworld.o" -mcpu=cortex-a9 -mfpu=vfpv3 -mfloat-abi=hard -I../../UGV_DRIVE_bsp/ps7_cortexa9_0/include -MMD -MP -MF"src/helloworld.d" -MT"src/helloworld.o" -o "src/helloworld.o" "../src/helloworld.c"
../src/helloworld.c: In function 'Handler':
../src/helloworld.c:745:8: warning: assignment makes pointer from integer without a cast [-Wint-conversion]
      cs= get_checksum(message);
        ^
../src/helloworld.c:741:8: warning: variable 'checker' set but not used [-Wunused-but-set-variable]
     u8 checker[4];
        ^~~~~~~
../src/helloworld.c: In function 'get_checksum':
../src/helloworld.c:1003:9: warning: passing argument 1 of 'strcpy' makes pointer from integer without a cast [-Wint-conversion]
  strcpy(digit,new);
         ^~~~~
In file included from c:\xilinx\sdk\2017.4\gnu\aarch32\nt\gcc-arm-none-eabi\arm-none-eabi\libc\usr\include\ctype.h:4:0,
                 from ../../UGV_DRIVE_bsp/ps7_cortexa9_0/include/xil_printf.h:8,
                 from ../../UGV_DRIVE_bsp/ps7_cortexa9_0/include/xil_io.h:65,
                 from ../../UGV_DRIVE_bsp/ps7_cortexa9_0/include/xuartps_hw.h:73,
                 from ../../UGV_DRIVE_bsp/ps7_cortexa9_0/include/xuartps.h:188,
                 from ../src/helloworld.c:15:
c:\xilinx\sdk\2017.4\gnu\aarch32\nt\gcc-arm-none-eabi\arm-none-eabi\libc\usr\include\string.h:30:8: note: expected 'char * restrict' but argument is of type 'char'
 char  *_EXFUN(strcpy,(char *__restrict, const char *__restrict));
        ^
At top level:
../src/helloworld.c:529:13: warning: 'UartLiteDisableIntrSystem' defined but not used [-Wunused-function]
 static void UartLiteDisableIntrSystem(INTC *IntcInstancePtr,
             ^~~~~~~~~~~~~~~~~~~~~~~~~
'Finished building: ../src/helloworld.c'
' '
'Building target: UGV_DRIVE.elf'
'Invoking: ARM v7 gcc linker'
arm-none-eabi-gcc -mcpu=cortex-a9 -mfpu=vfpv3 -mfloat-abi=hard -Wl,-build-id=none -specs=Xilinx.spec -Wl,-T -Wl,../src/lscript.ld -L../../UGV_DRIVE_bsp/ps7_cortexa9_0/lib -o "UGV_DRIVE.elf"  ./src/helloworld.o ./src/platform.o   -Wl,--start-group,-lxil,-lgcc,-lc,--end-group
'Finished building target: UGV_DRIVE.elf'
' '
'Invoking: ARM v7 Print Size'
arm-none-eabi-size UGV_DRIVE.elf  |tee "UGV_DRIVE.elf.size"
   text	   data	    bss	    dec	    hex	filename
  36732	   2788	  23016	  62536	   f448	UGV_DRIVE.elf
'Finished building: UGV_DRIVE.elf.size'
' '
17:33:22 **** Incremental Build of configuration Debug for project UGV_DRIVE ****
make pre-build main-build 
a9-linaro-pre-build-step
' '
make: Nothing to be done for `main-build'.
17:33:48 **** Auto Build of configuration Debug for project UGV_DRIVE ****
make pre-build main-build 
a9-linaro-pre-build-step
' '
'Building file: ../src/helloworld.c'
'Invoking: ARM v7 gcc compiler'
arm-none-eabi-gcc -Wall -O0 -g3 -c -fmessage-length=0 -MT"src/helloworld.o" -mcpu=cortex-a9 -mfpu=vfpv3 -mfloat-abi=hard -I../../UGV_DRIVE_bsp/ps7_cortexa9_0/include -MMD -MP -MF"src/helloworld.d" -MT"src/helloworld.o" -o "src/helloworld.o" "../src/helloworld.c"
../src/helloworld.c: In function 'main':
../src/helloworld.c:192:3: error: expected ';' before 'PWM_write'
   PWM_write(0xFF);
   ^~~~~~~~~
../src/helloworld.c: In function 'Handler':
../src/helloworld.c:746:8: warning: assignment makes pointer from integer without a cast [-Wint-conversion]
      cs= get_checksum(message);
        ^
../src/helloworld.c:742:8: warning: variable 'checker' set but not used [-Wunused-but-set-variable]
     u8 checker[4];
        ^~~~~~~
../src/helloworld.c: In function 'get_checksum':
../src/helloworld.c:1004:9: warning: passing argument 1 of 'strcpy' makes pointer from integer without a cast [-Wint-conversion]
  strcpy(digit,new);
         ^~~~~
In file included from c:\xilinx\sdk\2017.4\gnu\aarch32\nt\gcc-arm-none-eabi\arm-none-eabi\libc\usr\include\ctype.h:4:0,
                 from ../../UGV_DRIVE_bsp/ps7_cortexa9_0/include/xil_printf.h:8,
                 from ../../UGV_DRIVE_bsp/ps7_cortexa9_0/include/xil_io.h:65,
                 from ../../UGV_DRIVE_bsp/ps7_cortexa9_0/include/xuartps_hw.h:73,
                 from ../../UGV_DRIVE_bsp/ps7_cortexa9_0/include/xuartps.h:188,
                 from ../src/helloworld.c:15:
c:\xilinx\sdk\2017.4\gnu\aarch32\nt\gcc-arm-none-eabi\arm-none-eabi\libc\usr\include\string.h:30:8: note: expected 'char * restrict' but argument is of type 'char'
 char  *_EXFUN(strcpy,(char *__restrict, const char *__restrict));
        ^
At top level:
../src/helloworld.c:530:13: warning: 'UartLiteDisableIntrSystem' defined but not used [-Wunused-function]
 static void UartLiteDisableIntrSystem(INTC *IntcInstancePtr,
             ^~~~~~~~~~~~~~~~~~~~~~~~~
make: *** [src/helloworld.o] Error 1
17:33:53 **** Auto Build of configuration Debug for project UGV_DRIVE ****
make pre-build main-build 
a9-linaro-pre-build-step
' '
'Building file: ../src/helloworld.c'
'Invoking: ARM v7 gcc compiler'
arm-none-eabi-gcc -Wall -O0 -g3 -c -fmessage-length=0 -MT"src/helloworld.o" -mcpu=cortex-a9 -mfpu=vfpv3 -mfloat-abi=hard -I../../UGV_DRIVE_bsp/ps7_cortexa9_0/include -MMD -MP -MF"src/helloworld.d" -MT"src/helloworld.o" -o "src/helloworld.o" "../src/helloworld.c"
../src/helloworld.c: In function 'Handler':
../src/helloworld.c:746:8: warning: assignment makes pointer from integer without a cast [-Wint-conversion]
      cs= get_checksum(message);
        ^
../src/helloworld.c:742:8: warning: variable 'checker' set but not used [-Wunused-but-set-variable]
     u8 checker[4];
        ^~~~~~~
../src/helloworld.c: In function 'get_checksum':
../src/helloworld.c:1004:9: warning: passing argument 1 of 'strcpy' makes pointer from integer without a cast [-Wint-conversion]
  strcpy(digit,new);
         ^~~~~
In file included from c:\xilinx\sdk\2017.4\gnu\aarch32\nt\gcc-arm-none-eabi\arm-none-eabi\libc\usr\include\ctype.h:4:0,
                 from ../../UGV_DRIVE_bsp/ps7_cortexa9_0/include/xil_printf.h:8,
                 from ../../UGV_DRIVE_bsp/ps7_cortexa9_0/include/xil_io.h:65,
                 from ../../UGV_DRIVE_bsp/ps7_cortexa9_0/include/xuartps_hw.h:73,
                 from ../../UGV_DRIVE_bsp/ps7_cortexa9_0/include/xuartps.h:188,
                 from ../src/helloworld.c:15:
c:\xilinx\sdk\2017.4\gnu\aarch32\nt\gcc-arm-none-eabi\arm-none-eabi\libc\usr\include\string.h:30:8: note: expected 'char * restrict' but argument is of type 'char'
 char  *_EXFUN(strcpy,(char *__restrict, const char *__restrict));
        ^
At top level:
../src/helloworld.c:530:13: warning: 'UartLiteDisableIntrSystem' defined but not used [-Wunused-function]
 static void UartLiteDisableIntrSystem(INTC *IntcInstancePtr,
             ^~~~~~~~~~~~~~~~~~~~~~~~~
'Finished building: ../src/helloworld.c'
' '
'Building target: UGV_DRIVE.elf'
'Invoking: ARM v7 gcc linker'
arm-none-eabi-gcc -mcpu=cortex-a9 -mfpu=vfpv3 -mfloat-abi=hard -Wl,-build-id=none -specs=Xilinx.spec -Wl,-T -Wl,../src/lscript.ld -L../../UGV_DRIVE_bsp/ps7_cortexa9_0/lib -o "UGV_DRIVE.elf"  ./src/helloworld.o ./src/platform.o   -Wl,--start-group,-lxil,-lgcc,-lc,--end-group
'Finished building target: UGV_DRIVE.elf'
' '
'Invoking: ARM v7 Print Size'
arm-none-eabi-size UGV_DRIVE.elf  |tee "UGV_DRIVE.elf.size"
   text	   data	    bss	    dec	    hex	filename
  36740	   2788	  23016	  62544	   f450	UGV_DRIVE.elf
'Finished building: UGV_DRIVE.elf.size'
' '
[...]
"Running Make include in ps7_cortexa9_0/libsrc/gpiops_v3_3/src"
make -C ps7_cortexa9_0/libsrc/gpiops_v3_3/src -s include  "SHELL=CMD" "COMPILER=arm-none-eabi-gcc" "ARCHIVER=arm-none-eabi-ar" "COMPILER_FLAGS=  -O2 -c" "EXTRA_COMPILER_FLAGS=-mcpu=cortex-a9 -mfpu=vfpv3 -mfloat-abi=hard -nostartfiles -Wall -Wextra"
"Running Make include in ps7_cortexa9_0/libsrc/MD03ADRIVER_v1_0/src"
make -C ps7_cortexa9_0/libsrc/MD03ADRIVER_v1_0/src -s include  "SHELL=CMD" "COMPILER=arm-none-eabi-gcc" "ARCHIVER=arm-none-eabi-ar" "COMPILER_FLAGS=  -O2 -c" "EXTRA_COMPILER_FLAGS=-mcpu=cortex-a9 -mfpu=vfpv3 -mfloat-abi=hard -nostartfiles -Wall -Wextra"
"Running Make include in ps7_cortexa9_0/libsrc/qspips_v3_4/src"
make -C ps7_cortexa9_0/libsrc/qspips_v3_4/src -s include  "SHELL=CMD" "COMPILER=arm-none-eabi-gcc" "ARCHIVER=arm-none-eabi-ar" "COMPILER_FLAGS=  -O2 -c" "EXTRA_COMPILER_FLAGS=-mcpu=cortex-a9 -mfpu=vfpv3 -mfloat-abi=hard -nostartfiles -Wall -Wextra"
"Running Make include in ps7_cortexa9_0/libsrc/scugic_v3_8/src"
make -C ps7_cortexa9_0/libsrc/scugic_v3_8/src -s include  "SHELL=CMD" "COMPILER=arm-none-eabi-gcc" "ARCHIVER=arm-none-eabi-ar" "COMPILER_FLAGS=  -O2 -c" "EXTRA_COMPILER_FLAGS=-mcpu=cortex-a9 -mfpu=vfpv3 -mfloat-abi=hard -nostartfiles -Wall -Wextra"
"Running Make include in ps7_cortexa9_0/libsrc/scutimer_v2_1/src"
make -C ps7_cortexa9_0/libsrc/scutimer_v2_1/src -s include  "SHELL=CMD" "COMPILER=arm-none-eabi-gcc" "ARCHIVER=arm-none-eabi-ar" "COMPILER_FLAGS=  -O2 -c" "EXTRA_COMPILER_FLAGS=-mcpu=cortex-a9 -mfpu=vfpv3 -mfloat-abi=hard -nostartfiles -Wall -Wextra"
"Running Make include in ps7_cortexa9_0/libsrc/scuwdt_v2_1/src"
make -C ps7_cortexa9_0/libsrc/scuwdt_v2_1/src -s include  "SHELL=CMD" "COMPILER=arm-none-eabi-gcc" "ARCHIVER=arm-none-eabi-ar" "COMPILER_FLAGS=  -O2 -c" "EXTRA_COMPILER_FLAGS=-mcpu=cortex-a9 -mfpu=vfpv3 -mfloat-abi=hard -nostartfiles -Wall -Wextra"
"Running Make include in ps7_cortexa9_0/libsrc/sdps_v3_3/src"
make -C ps7_cortexa9_0/libsrc/sdps_v3_3/src -s include  "SHELL=CMD" "COMPILER=arm-none-eabi-gcc" "ARCHIVER=arm-none-eabi-ar" "COMPILER_FLAGS=  -O2 -c" "EXTRA_COMPILER_FLAGS=-mcpu=cortex-a9 -mfpu=vfpv3 -mfloat-abi=hard -nostartfiles -Wall -Wextra"
"Running Make include in ps7_cortexa9_0/libsrc/standalone_v6_5/src"
make -C ps7_cortexa9_0/libsrc/standalone_v6_5/src -s include  "SHELL=CMD" "COMPILER=arm-none-eabi-gcc" "ARCHIVER=arm-none-eabi-ar" "COMPILER_FLAGS=  -O2 -c" "EXTRA_COMPILER_FLAGS=-mcpu=cortex-a9 -mfpu=vfpv3 -mfloat-abi=hard -nostartfiles -Wall -Wextra"
"Running Make include in ps7_cortexa9_0/libsrc/ttcps_v3_5/src"
make -C ps7_cortexa9_0/libsrc/ttcps_v3_5/src -s include  "SHELL=CMD" "COMPILER=arm-none-eabi-gcc" "ARCHIVER=arm-none-eabi-ar" "COMPILER_FLAGS=  -O2 -c" "EXTRA_COMPILER_FLAGS=-mcpu=cortex-a9 -mfpu=vfpv3 -mfloat-abi=hard -nostartfiles -Wall -Wextra"
"Running Make include in ps7_cortexa9_0/libsrc/uartlite_v3_2/src"
make -C ps7_cortexa9_0/libsrc/uartlite_v3_2/src -s include  "SHELL=CMD" "COMPILER=arm-none-eabi-gcc" "ARCHIVER=arm-none-eabi-ar" "COMPILER_FLAGS=  -O2 -c" "EXTRA_COMPILER_FLAGS=-mcpu=cortex-a9 -mfpu=vfpv3 -mfloat-abi=hard -nostartfiles -Wall -Wextra"
"Running Make include in ps7_cortexa9_0/libsrc/uartps_v3_5/src"
make -C ps7_cortexa9_0/libsrc/uartps_v3_5/src -s include  "SHELL=CMD" "COMPILER=arm-none-eabi-gcc" "ARCHIVER=arm-none-eabi-ar" "COMPILER_FLAGS=  -O2 -c" "EXTRA_COMPILER_FLAGS=-mcpu=cortex-a9 -mfpu=vfpv3 -mfloat-abi=hard -nostartfiles -Wall -Wextra"
"Running Make include in ps7_cortexa9_0/libsrc/usbps_v2_4/src"
make -C ps7_cortexa9_0/libsrc/usbps_v2_4/src -s include  "SHELL=CMD" "COMPILER=arm-none-eabi-gcc" "ARCHIVER=arm-none-eabi-ar" "COMPILER_FLAGS=  -O2 -c" "EXTRA_COMPILER_FLAGS=-mcpu=cortex-a9 -mfpu=vfpv3 -mfloat-abi=hard -nostartfiles -Wall -Wextra"
"Running Make include in ps7_cortexa9_0/libsrc/xadcps_v2_2/src"
make -C ps7_cortexa9_0/libsrc/xadcps_v2_2/src -s include  "SHELL=CMD" "COMPILER=arm-none-eabi-gcc" "ARCHIVER=arm-none-eabi-ar" "COMPILER_FLAGS=  -O2 -c" "EXTRA_COMPILER_FLAGS=-mcpu=cortex-a9 -mfpu=vfpv3 -mfloat-abi=hard -nostartfiles -Wall -Wextra"
"Running Make include in ps7_cortexa9_0/libsrc/xilffs_v3_7/src"
make -C ps7_cortexa9_0/libsrc/xilffs_v3_7/src -s include  "SHELL=CMD" "COMPILER=arm-none-eabi-gcc" "ARCHIVER=arm-none-eabi-ar" "COMPILER_FLAGS=  -O2 -c" "EXTRA_COMPILER_FLAGS=-mcpu=cortex-a9 -mfpu=vfpv3 -mfloat-abi=hard -nostartfiles -Wall -Wextra"
"Running Make include in ps7_cortexa9_0/libsrc/xilrsa_v1_4/src"
make -C ps7_cortexa9_0/libsrc/xilrsa_v1_4/src -s include  "SHELL=CMD" "COMPILER=arm-none-eabi-gcc" "ARCHIVER=arm-none-eabi-ar" "COMPILER_FLAGS=  -O2 -c" "EXTRA_COMPILER_FLAGS=-mcpu=cortex-a9 -mfpu=vfpv3 -mfloat-abi=hard -nostartfiles -Wall -Wextra"
"Running Make libs in ps7_cortexa9_0/libsrc/coresightps_dcc_v1_4/src"
make -C ps7_cortexa9_0/libsrc/coresightps_dcc_v1_4/src -s libs  "SHELL=CMD" "COMPILER=arm-none-eabi-gcc" "ARCHIVER=arm-none-eabi-ar" "COMPILER_FLAGS=  -O2 -c" "EXTRA_COMPILER_FLAGS=-mcpu=cortex-a9 -mfpu=vfpv3 -mfloat-abi=hard -nostartfiles -Wall -Wextra"
"Compiling coresightps_dcc"
arm-none-eabi-ar: creating ../../../lib/libxil.a
"Running Make libs in ps7_cortexa9_0/libsrc/cpu_cortexa9_v2_5/src"
make -C ps7_cortexa9_0/libsrc/cpu_cortexa9_v2_5/src -s libs  "SHELL=CMD" "COMPILER=arm-none-eabi-gcc" "ARCHIVER=arm-none-eabi-ar" "COMPILER_FLAGS=  -O2 -c" "EXTRA_COMPILER_FLAGS=-mcpu=cortex-a9 -mfpu=vfpv3 -mfloat-abi=hard -nostartfiles -Wall -Wextra"
"Compiling cpu_cortexa9"
"Running Make libs in ps7_cortexa9_0/libsrc/ddrps_v1_0/src"
make -C ps7_cortexa9_0/libsrc/ddrps_v1_0/src -s libs  "SHELL=CMD" "COMPILER=arm-none-eabi-gcc" "ARCHIVER=arm-none-eabi-ar" "COMPILER_FLAGS=  -O2 -c" "EXTRA_COMPILER_FLAGS=-mcpu=cortex-a9 -mfpu=vfpv3 -mfloat-abi=hard -nostartfiles -Wall -Wextra"
"Compiling ddrps"
"Running Make libs in ps7_cortexa9_0/libsrc/devcfg_v3_5/src"
make -C ps7_cortexa9_0/libsrc/devcfg_v3_5/src -s libs  "SHELL=CMD" "COMPILER=arm-none-eabi-gcc" "ARCHIVER=arm-none-eabi-ar" "COMPILER_FLAGS=  -O2 -c" "EXTRA_COMPILER_FLAGS=-mcpu=cortex-a9 -mfpu=vfpv3 -mfloat-abi=hard -nostartfiles -Wall -Wextra"
"Compiling devcfg"
"Running Make libs in ps7_cortexa9_0/libsrc/dmaps_v2_3/src"
make -C ps7_cortexa9_0/libsrc/dmaps_v2_3/src -s libs  "SHELL=CMD" "COMPILER=arm-none-eabi-gcc" "ARCHIVER=arm-none-eabi-ar" "COMPILER_FLAGS=  -O2 -c" "EXTRA_COMPILER_FLAGS=-mcpu=cortex-a9 -mfpu=vfpv3 -mfloat-abi=hard -nostartfiles -Wall -Wextra"
"Compiling dmaps"
"Running Make libs in ps7_cortexa9_0/libsrc/emacps_v3_6/src"
make -C ps7_cortexa9_0/libsrc/emacps_v3_6/src -s libs  "SHELL=CMD" "COMPILER=arm-none-eabi-gcc" "ARCHIVER=arm-none-eabi-ar" "COMPILER_FLAGS=  -O2 -c" "EXTRA_COMPILER_FLAGS=-mcpu=cortex-a9 -mfpu=vfpv3 -mfloat-abi=hard -nostartfiles -Wall -Wextra"
"Compiling emacps"
"Running Make libs in ps7_cortexa9_0/libsrc/gpio_v4_3/src"
make -C ps7_cortexa9_0/libsrc/gpio_v4_3/src -s libs  "SHELL=CMD" "COMPILER=arm-none-eabi-gcc" "ARCHIVER=arm-none-eabi-ar" "COMPILER_FLAGS=  -O2 -c" "EXTRA_COMPILER_FLAGS=-mcpu=cortex-a9 -mfpu=vfpv3 -mfloat-abi=hard -nostartfiles -Wall -Wextra"
"Compiling gpio"
"Running Make libs in ps7_cortexa9_0/libsrc/gpiops_v3_3/src"
make -C ps7_cortexa9_0/libsrc/gpiops_v3_3/src -s libs  "SHELL=CMD" "COMPILER=arm-none-eabi-gcc" "ARCHIVER=arm-none-eabi-ar" "COMPILER_FLAGS=  -O2 -c" "EXTRA_COMPILER_FLAGS=-mcpu=cortex-a9 -mfpu=vfpv3 -mfloat-abi=hard -nostartfiles -Wall -Wextra"
"Compiling gpiops"
"Running Make libs in ps7_cortexa9_0/libsrc/MD03ADRIVER_v1_0/src"
make -C ps7_cortexa9_0/libsrc/MD03ADRIVER_v1_0/src -s libs  "SHELL=CMD" "COMPILER=arm-none-eabi-gcc" "ARCHIVER=arm-none-eabi-ar" "COMPILER_FLAGS=  -O2 -c" "EXTRA_COMPILER_FLAGS=-mcpu=cortex-a9 -mfpu=vfpv3 -mfloat-abi=hard -nostartfiles -Wall -Wextra"
"Compiling MD03ADRIVER..."
MD03ADRIVER_selftest.c: In function 'MD03ADRIVER_Reg_SelfTest':
MD03ADRIVER_selftest.c:52:60: warning: comparison between signed and unsigned integer expressions [-Wsign-compare]
    if ( MD03ADRIVER_mReadReg (baseaddr, read_loop_index*4) != (read_loop_index+1)*READ_WRITE_MUL_FACTOR){
                                                            ^~
MD03ADRIVER_selftest.c:36:6: warning: unused variable 'Index' [-Wunused-variable]
  int Index;
      ^~~~~
"Running Make libs in ps7_cortexa9_0/libsrc/qspips_v3_4/src"
make -C ps7_cortexa9_0/libsrc/qspips_v3_4/src -s libs  "SHELL=CMD" "COMPILER=arm-none-eabi-gcc" "ARCHIVER=arm-none-eabi-ar" "COMPILER_FLAGS=  -O2 -c" "EXTRA_COMPILER_FLAGS=-mcpu=cortex-a9 -mfpu=vfpv3 -mfloat-abi=hard -nostartfiles -Wall -Wextra"
"Compiling qspips"
"Running Make libs in ps7_cortexa9_0/libsrc/scugic_v3_8/src"
make -C ps7_cortexa9_0/libsrc/scugic_v3_8/src -s libs  "SHELL=CMD" "COMPILER=arm-none-eabi-gcc" "ARCHIVER=arm-none-eabi-ar" "COMPILER_FLAGS=  -O2 -c" "EXTRA_COMPILER_FLAGS=-mcpu=cortex-a9 -mfpu=vfpv3 -mfloat-abi=hard -nostartfiles -Wall -Wextra"
"Compiling scugic"
"Running Make libs in ps7_cortexa9_0/libsrc/scutimer_v2_1/src"
make -C ps7_cortexa9_0/libsrc/scutimer_v2_1/src -s libs  "SHELL=CMD" "COMPILER=arm-none-eabi-gcc" "ARCHIVER=arm-none-eabi-ar" "COMPILER_FLAGS=  -O2 -c" "EXTRA_COMPILER_FLAGS=-mcpu=cortex-a9 -mfpu=vfpv3 -mfloat-abi=hard -nostartfiles -Wall -Wextra"
"Compiling scutimer"
"Running Make libs in ps7_cortexa9_0/libsrc/scuwdt_v2_1/src"
make -C ps7_cortexa9_0/libsrc/scuwdt_v2_1/src -s libs  "SHELL=CMD" "COMPILER=arm-none-eabi-gcc" "ARCHIVER=arm-none-eabi-ar" "COMPILER_FLAGS=  -O2 -c" "EXTRA_COMPILER_FLAGS=-mcpu=cortex-a9 -mfpu=vfpv3 -mfloat-abi=hard -nostartfiles -Wall -Wextra"
"Compiling scuwdt"
"Running Make libs in ps7_cortexa9_0/libsrc/sdps_v3_3/src"
make -C ps7_cortexa9_0/libsrc/sdps_v3_3/src -s libs  "SHELL=CMD" "COMPILER=arm-none-eabi-gcc" "ARCHIVER=arm-none-eabi-ar" "COMPILER_FLAGS=  -O2 -c" "EXTRA_COMPILER_FLAGS=-mcpu=cortex-a9 -mfpu=vfpv3 -mfloat-abi=hard -nostartfiles -Wall -Wextra"
"Compiling sdps"
"Running Make libs in ps7_cortexa9_0/libsrc/standalone_v6_5/src"
make -C ps7_cortexa9_0/libsrc/standalone_v6_5/src -s libs  "SHELL=CMD" "COMPILER=arm-none-eabi-gcc" "ARCHIVER=arm-none-eabi-ar" "COMPILER_FLAGS=  -O2 -c" "EXTRA_COMPILER_FLAGS=-mcpu=cortex-a9 -mfpu=vfpv3 -mfloat-abi=hard -nostartfiles -Wall -Wextra"
"Compiling standalone"
"Running Make libs in ps7_cortexa9_0/libsrc/ttcps_v3_5/src"
make -C ps7_cortexa9_0/libsrc/ttcps_v3_5/src -s libs  "SHELL=CMD" "COMPILER=arm-none-eabi-gcc" "ARCHIVER=arm-none-eabi-ar" "COMPILER_FLAGS=  -O2 -c" "EXTRA_COMPILER_FLAGS=-mcpu=cortex-a9 -mfpu=vfpv3 -mfloat-abi=hard -nostartfiles -Wall -Wextra"
"Compiling ttcps"
"Running Make libs in ps7_cortexa9_0/libsrc/uartlite_v3_2/src"
make -C ps7_cortexa9_0/libsrc/uartlite_v3_2/src -s libs  "SHELL=CMD" "COMPILER=arm-none-eabi-gcc" "ARCHIVER=arm-none-eabi-ar" "COMPILER_FLAGS=  -O2 -c" "EXTRA_COMPILER_FLAGS=-mcpu=cortex-a9 -mfpu=vfpv3 -mfloat-abi=hard -nostartfiles -Wall -Wextra"
"Compiling uartlite"
"Running Make libs in ps7_cortexa9_0/libsrc/uartps_v3_5/src"
make -C ps7_cortexa9_0/libsrc/uartps_v3_5/src -s libs  "SHELL=CMD" "COMPILER=arm-none-eabi-gcc" "ARCHIVER=arm-none-eabi-ar" "COMPILER_FLAGS=  -O2 -c" "EXTRA_COMPILER_FLAGS=-mcpu=cortex-a9 -mfpu=vfpv3 -mfloat-abi=hard -nostartfiles -Wall -Wextra"
"Compiling uartps"
"Running Make libs in ps7_cortexa9_0/libsrc/usbps_v2_4/src"
make -C ps7_cortexa9_0/libsrc/usbps_v2_4/src -s libs  "SHELL=CMD" "COMPILER=arm-none-eabi-gcc" "ARCHIVER=arm-none-eabi-ar" "COMPILER_FLAGS=  -O2 -c" "EXTRA_COMPILER_FLAGS=-mcpu=cortex-a9 -mfpu=vfpv3 -mfloat-abi=hard -nostartfiles -Wall -Wextra"
"Compiling usbps"
"Running Make libs in ps7_cortexa9_0/libsrc/xadcps_v2_2/src"
make -C ps7_cortexa9_0/libsrc/xadcps_v2_2/src -s libs  "SHELL=CMD" "COMPILER=arm-none-eabi-gcc" "ARCHIVER=arm-none-eabi-ar" "COMPILER_FLAGS=  -O2 -c" "EXTRA_COMPILER_FLAGS=-mcpu=cortex-a9 -mfpu=vfpv3 -mfloat-abi=hard -nostartfiles -Wall -Wextra"
"Compiling xadcps"
"Running Make libs in ps7_cortexa9_0/libsrc/xilffs_v3_7/src"
make -C ps7_cortexa9_0/libsrc/xilffs_v3_7/src -s libs  "SHELL=CMD" "COMPILER=arm-none-eabi-gcc" "ARCHIVER=arm-none-eabi-ar" "COMPILER_FLAGS=  -O2 -c" "EXTRA_COMPILER_FLAGS=-mcpu=cortex-a9 -mfpu=vfpv3 -mfloat-abi=hard -nostartfiles -Wall -Wextra"
"Compiling XilFFs Library"
diskio.c:135:11: warning: 'ExtCsd' defined but not used [-Wunused-variable]
 static u8 ExtCsd[512] __attribute__ ((aligned(32)));
           ^~~~~~
ff.c: In function 'find_volume':
ff.c:2610:4: warning: dereferencing type-punned pointer will break strict-aliasing rules [-Wstrict-aliasing]
    && (LD_DWORD(fs->win+FSI_LeadSig) == 0x41615252U)
    ^~
"Running Make libs in ps7_cortexa9_0/libsrc/xilrsa_v1_4/src"
make -C ps7_cortexa9_0/libsrc/xilrsa_v1_4/src -s libs  "SHELL=CMD" "COMPILER=arm-none-eabi-gcc" "ARCHIVER=arm-none-eabi-ar" "COMPILER_FLAGS=  -O2 -c" "EXTRA_COMPILER_FLAGS=-mcpu=cortex-a9 -mfpu=vfpv3 -mfloat-abi=hard -nostartfiles -Wall -Wextra"
'Finished building libraries'
23:20:35 **** Build of configuration Debug for project ZYNQ_FSBL ****
make pre-build main-build 
a9-linaro-pre-build-step
' '
'Building file: ../src/fsbl_handoff.S'
'Invoking: ARM v7 gcc compiler'
arm-none-eabi-gcc -Wall -O0 -g3 -I"C:\Users\Sean\Documents\UGV_PROJECTS\DriveTestFinal\DriveTestFinal.sdk\design_1_wrapper_hw_platform_0" -c -fmessage-length=0 -MT"src/fsbl_handoff.o" -mcpu=cortex-a9 -mfpu=vfpv3 -mfloat-abi=hard -I../../ZYNQ_FSBL_bsp/ps7_cortexa9_0/include -MMD -MP -MF"src/fsbl_handoff.d" -MT"src/fsbl_handoff.o" -o "src/fsbl_handoff.o" "../src/fsbl_handoff.S"
'Finished building: ../src/fsbl_handoff.S'
' '
'Building file: ../src/fsbl_hooks.c'
'Invoking: ARM v7 gcc compiler'
arm-none-eabi-gcc -Wall -O0 -g3 -I"C:\Users\Sean\Documents\UGV_PROJECTS\DriveTestFinal\DriveTestFinal.sdk\design_1_wrapper_hw_platform_0" -c -fmessage-length=0 -MT"src/fsbl_hooks.o" -mcpu=cortex-a9 -mfpu=vfpv3 -mfloat-abi=hard -I../../ZYNQ_FSBL_bsp/ps7_cortexa9_0/include -MMD -MP -MF"src/fsbl_hooks.d" -MT"src/fsbl_hooks.o" -o "src/fsbl_hooks.o" "../src/fsbl_hooks.c"
'Finished building: ../src/fsbl_hooks.c'
' '
'Building file: ../src/image_mover.c'
'Invoking: ARM v7 gcc compiler'
arm-none-eabi-gcc -Wall -O0 -g3 -I"C:\Users\Sean\Documents\UGV_PROJECTS\DriveTestFinal\DriveTestFinal.sdk\design_1_wrapper_hw_platform_0" -c -fmessage-length=0 -MT"src/image_mover.o" -mcpu=cortex-a9 -mfpu=vfpv3 -mfloat-abi=hard -I../../ZYNQ_FSBL_bsp/ps7_cortexa9_0/include -MMD -MP -MF"src/image_mover.d" -MT"src/image_mover.o" -o "src/image_mover.o" "../src/image_mover.c"
'Finished building: ../src/image_mover.c'
' '
'Building file: ../src/main.c'
'Invoking: ARM v7 gcc compiler'
arm-none-eabi-gcc -Wall -O0 -g3 -I"C:\Users\Sean\Documents\UGV_PROJECTS\DriveTestFinal\DriveTestFinal.sdk\design_1_wrapper_hw_platform_0" -c -fmessage-length=0 -MT"src/main.o" -mcpu=cortex-a9 -mfpu=vfpv3 -mfloat-abi=hard -I../../ZYNQ_FSBL_bsp/ps7_cortexa9_0/include -MMD -MP -MF"src/main.d" -MT"src/main.o" -o "src/main.o" "../src/main.c"
'Finished building: ../src/main.c'
' '
'Building file: ../src/md5.c'
'Invoking: ARM v7 gcc compiler'
arm-none-eabi-gcc -Wall -O0 -g3 -I"C:\Users\Sean\Documents\UGV_PROJECTS\DriveTestFinal\DriveTestFinal.sdk\design_1_wrapper_hw_platform_0" -c -fmessage-length=0 -MT"src/md5.o" -mcpu=cortex-a9 -mfpu=vfpv3 -mfloat-abi=hard -I../../ZYNQ_FSBL_bsp/ps7_cortexa9_0/include -MMD -MP -MF"src/md5.d" -MT"src/md5.o" -o "src/md5.o" "../src/md5.c"
'Finished building: ../src/md5.c'
' '
'Building file: ../src/nand.c'
'Invoking: ARM v7 gcc compiler'
arm-none-eabi-gcc -Wall -O0 -g3 -I"C:\Users\Sean\Documents\UGV_PROJECTS\DriveTestFinal\DriveTestFinal.sdk\design_1_wrapper_hw_platform_0" -c -fmessage-length=0 -MT"src/nand.o" -mcpu=cortex-a9 -mfpu=vfpv3 -mfloat-abi=hard -I../../ZYNQ_FSBL_bsp/ps7_cortexa9_0/include -MMD -MP -MF"src/nand.d" -MT"src/nand.o" -o "src/nand.o" "../src/nand.c"
'Finished building: ../src/nand.c'
' '
'Building file: ../src/nor.c'
'Invoking: ARM v7 gcc compiler'
arm-none-eabi-gcc -Wall -O0 -g3 -I"C:\Users\Sean\Documents\UGV_PROJECTS\DriveTestFinal\DriveTestFinal.sdk\design_1_wrapper_hw_platform_0" -c -fmessage-length=0 -MT"src/nor.o" -mcpu=cortex-a9 -mfpu=vfpv3 -mfloat-abi=hard -I../../ZYNQ_FSBL_bsp/ps7_cortexa9_0/include -MMD -MP -MF"src/nor.d" -MT"src/nor.o" -o "src/nor.o" "../src/nor.c"
'Finished building: ../src/nor.c'
' '
'Building file: ../src/pcap.c'
'Invoking: ARM v7 gcc compiler'
arm-none-eabi-gcc -Wall -O0 -g3 -I"C:\Users\Sean\Documents\UGV_PROJECTS\DriveTestFinal\DriveTestFinal.sdk\design_1_wrapper_hw_platform_0" -c -fmessage-length=0 -MT"src/pcap.o" -mcpu=cortex-a9 -mfpu=vfpv3 -mfloat-abi=hard -I../../ZYNQ_FSBL_bsp/ps7_cortexa9_0/include -MMD -MP -MF"src/pcap.d" -MT"src/pcap.o" -o "src/pcap.o" "../src/pcap.c"
'Finished building: ../src/pcap.c'
' '
'Building file: C:/Users/Sean/Documents/UGV_PROJECTS/DriveTestFinal/DriveTestFinal.sdk/design_1_wrapper_hw_platform_0/ps7_init.c'
'Invoking: ARM v7 gcc compiler'
arm-none-eabi-gcc -Wall -O0 -g3 -I"C:\Users\Sean\Documents\UGV_PROJECTS\DriveTestFinal\DriveTestFinal.sdk\design_1_wrapper_hw_platform_0" -c -fmessage-length=0 -MT"src/ps7_init.o" -mcpu=cortex-a9 -mfpu=vfpv3 -mfloat-abi=hard -I../../ZYNQ_FSBL_bsp/ps7_cortexa9_0/include -MMD -MP -MF"src/ps7_init.d" -MT"src/ps7_init.o" -o "src/ps7_init.o" "C:/Users/Sean/Documents/UGV_PROJECTS/DriveTestFinal/DriveTestFinal.sdk/design_1_wrapper_hw_platform_0/ps7_init.c"
'Finished building: C:/Users/Sean/Documents/UGV_PROJECTS/DriveTestFinal/DriveTestFinal.sdk/design_1_wrapper_hw_platform_0/ps7_init.c'
' '
'Building file: ../src/qspi.c'
'Invoking: ARM v7 gcc compiler'
arm-none-eabi-gcc -Wall -O0 -g3 -I"C:\Users\Sean\Documents\UGV_PROJECTS\DriveTestFinal\DriveTestFinal.sdk\design_1_wrapper_hw_platform_0" -c -fmessage-length=0 -MT"src/qspi.o" -mcpu=cortex-a9 -mfpu=vfpv3 -mfloat-abi=hard -I../../ZYNQ_FSBL_bsp/ps7_cortexa9_0/include -MMD -MP -MF"src/qspi.d" -MT"src/qspi.o" -o "src/qspi.o" "../src/qspi.c"
'Finished building: ../src/qspi.c'
' '
'Building file: ../src/rsa.c'
'Invoking: ARM v7 gcc compiler'
arm-none-eabi-gcc -Wall -O0 -g3 -I"C:\Users\Sean\Documents\UGV_PROJECTS\DriveTestFinal\DriveTestFinal.sdk\design_1_wrapper_hw_platform_0" -c -fmessage-length=0 -MT"src/rsa.o" -mcpu=cortex-a9 -mfpu=vfpv3 -mfloat-abi=hard -I../../ZYNQ_FSBL_bsp/ps7_cortexa9_0/include -MMD -MP -MF"src/rsa.d" -MT"src/rsa.o" -o "src/rsa.o" "../src/rsa.c"
'Finished building: ../src/rsa.c'
' '
'Building file: ../src/sd.c'
'Invoking: ARM v7 gcc compiler'
arm-none-eabi-gcc -Wall -O0 -g3 -I"C:\Users\Sean\Documents\UGV_PROJECTS\DriveTestFinal\DriveTestFinal.sdk\design_1_wrapper_hw_platform_0" -c -fmessage-length=0 -MT"src/sd.o" -mcpu=cortex-a9 -mfpu=vfpv3 -mfloat-abi=hard -I../../ZYNQ_FSBL_bsp/ps7_cortexa9_0/include -MMD -MP -MF"src/sd.d" -MT"src/sd.o" -o "src/sd.o" "../src/sd.c"
'Finished building: ../src/sd.c'
' '
'Building target: ZYNQ_FSBL.elf'
'Invoking: ARM v7 gcc linker'
arm-none-eabi-gcc -mcpu=cortex-a9 -mfpu=vfpv3 -mfloat-abi=hard -Wl,-build-id=none -specs=Xilinx.spec -Wl,-T -Wl,../src/lscript.ld -L../../ZYNQ_FSBL_bsp/ps7_cortexa9_0/lib -o "ZYNQ_FSBL.elf"  ./src/fsbl_handoff.o ./src/fsbl_hooks.o ./src/image_mover.o ./src/main.o ./src/md5.o ./src/nand.o ./src/nor.o ./src/pcap.o ./src/ps7_init.o ./src/qspi.o ./src/rsa.o ./src/sd.o   -Wl,--start-group,-lxil,-lgcc,-lc,--end-group -Wl,--start-group,-lxilffs,-lxil,-lgcc,-lc,--end-group -Wl,--start-group,-lrsa,-lxil,-lgcc,-lc,--end-group
'Finished building target: ZYNQ_FSBL.elf'
' '
'Invoking: ARM v7 Print Size'
arm-none-eabi-size ZYNQ_FSBL.elf  |tee "ZYNQ_FSBL.elf.size"
   text	   data	    bss	    dec	    hex	filename
  79052	  11724	  74360	 165136	  28510	ZYNQ_FSBL.elf
'Finished building: ZYNQ_FSBL.elf.size'
' '
23:20:40 **** Auto Build of configuration Debug for project ZYNQ_FSBL ****
make pre-build main-build 
a9-linaro-pre-build-step
' '
make: Nothing to be done for `main-build'.
23:22:08 **** Auto Build of configuration Debug for project UGV_DRIVE ****
make pre-build main-build 
a9-linaro-pre-build-step
' '
make: Nothing to be done for `main-build'.
